  Determining projects to restore...
  All projects are up-to-date for restore.
C:\Users\thiyazin\Documents\GitHub\ItoMcovertor\ItoMcovertor.Tests\UnitTest1.cs(5,6): error CS0246: The type or namespace name 'FactAttribute' could not be found (are you missing a using directive or an assembly reference?) [C:\Users\thiyazin\Documents\GitHub\ItoMcovertor\ItoMcovertor.csproj]
C:\Users\thiyazin\Documents\GitHub\ItoMcovertor\ItoMcovertor.Tests\UnitTest1.cs(5,6): error CS0246: The type or namespace name 'Fact' could not be found (are you missing a using directive or an assembly reference?) [C:\Users\thiyazin\Documents\GitHub\ItoMcovertor\ItoMcovertor.csproj]
C:\Users\thiyazin\Documents\GitHub\ItoMcovertor\ItoMcovertor.Tests\UnitConverterTests.cs(9,6): error CS0246: The type or namespace name 'TheoryAttribute' could not be found (are you missing a using directive or an assembly reference?) [C:\Users\thiyazin\Documents\GitHub\ItoMcovertor\ItoMcovertor.csproj]
C:\Users\thiyazin\Documents\GitHub\ItoMcovertor\ItoMcovertor.Tests\UnitConverterTests.cs(9,6): error CS0246: The type or namespace name 'Theory' could not be found (are you missing a using directive or an assembly reference?) [C:\Users\thiyazin\Documents\GitHub\ItoMcovertor\ItoMcovertor.csproj]
C:\Users\thiyazin\Documents\GitHub\ItoMcovertor\ItoMcovertor.Tests\UnitConverterTests.cs(10,6): error CS0246: The type or namespace name 'InlineDataAttribute' could not be found (are you missing a using directive or an assembly reference?) [C:\Users\thiyazin\Documents\GitHub\ItoMcovertor\ItoMcovertor.csproj]
C:\Users\thiyazin\Documents\GitHub\ItoMcovertor\ItoMcovertor.Tests\UnitConverterTests.cs(10,6): error CS0246: The type or namespace name 'InlineData' could not be found (are you missing a using directive or an assembly reference?) [C:\Users\thiyazin\Documents\GitHub\ItoMcovertor\ItoMcovertor.csproj]
C:\Users\thiyazin\Documents\GitHub\ItoMcovertor\ItoMcovertor.Tests\UnitConverterTests.cs(11,6): error CS0246: The type or namespace name 'InlineDataAttribute' could not be found (are you missing a using directive or an assembly reference?) [C:\Users\thiyazin\Documents\GitHub\ItoMcovertor\ItoMcovertor.csproj]
C:\Users\thiyazin\Documents\GitHub\ItoMcovertor\ItoMcovertor.Tests\UnitConverterTests.cs(11,6): error CS0246: The type or namespace name 'InlineData' could not be found (are you missing a using directive or an assembly reference?) [C:\Users\thiyazin\Documents\GitHub\ItoMcovertor\ItoMcovertor.csproj]
C:\Users\thiyazin\Documents\GitHub\ItoMcovertor\ItoMcovertor.Tests\UnitConverterTests.cs(12,6): error CS0246: The type or namespace name 'InlineDataAttribute' could not be found (are you missing a using directive or an assembly reference?) [C:\Users\thiyazin\Documents\GitHub\ItoMcovertor\ItoMcovertor.csproj]
C:\Users\thiyazin\Documents\GitHub\ItoMcovertor\ItoMcovertor.Tests\UnitConverterTests.cs(12,6): error CS0246: The type or namespace name 'InlineData' could not be found (are you missing a using directive or an assembly reference?) [C:\Users\thiyazin\Documents\GitHub\ItoMcovertor\ItoMcovertor.csproj]
C:\Users\thiyazin\Documents\GitHub\ItoMcovertor\ItoMcovertor.Tests\ValidationTests.cs(9,6): error CS0246: The type or namespace name 'FactAttribute' could not be found (are you missing a using directive or an assembly reference?) [C:\Users\thiyazin\Documents\GitHub\ItoMcovertor\ItoMcovertor.csproj]
C:\Users\thiyazin\Documents\GitHub\ItoMcovertor\ItoMcovertor.Tests\ValidationTests.cs(9,6): error CS0246: The type or namespace name 'Fact' could not be found (are you missing a using directive or an assembly reference?) [C:\Users\thiyazin\Documents\GitHub\ItoMcovertor\ItoMcovertor.csproj]
C:\Users\thiyazin\Documents\GitHub\ItoMcovertor\ItoMcovertor.Tests\ValidationTests.cs(17,6): error CS0246: The type or namespace name 'FactAttribute' could not be found (are you missing a using directive or an assembly reference?) [C:\Users\thiyazin\Documents\GitHub\ItoMcovertor\ItoMcovertor.csproj]
C:\Users\thiyazin\Documents\GitHub\ItoMcovertor\ItoMcovertor.Tests\ValidationTests.cs(17,6): error CS0246: The type or namespace name 'Fact' could not be found (are you missing a using directive or an assembly reference?) [C:\Users\thiyazin\Documents\GitHub\ItoMcovertor\ItoMcovertor.csproj]
C:\Users\thiyazin\Documents\GitHub\ItoMcovertor\ItoMcovertor.Tests\ValidationTests.cs(25,6): error CS0246: The type or namespace name 'FactAttribute' could not be found (are you missing a using directive or an assembly reference?) [C:\Users\thiyazin\Documents\GitHub\ItoMcovertor\ItoMcovertor.csproj]
C:\Users\thiyazin\Documents\GitHub\ItoMcovertor\ItoMcovertor.Tests\ValidationTests.cs(25,6): error CS0246: The type or namespace name 'Fact' could not be found (are you missing a using directive or an assembly reference?) [C:\Users\thiyazin\Documents\GitHub\ItoMcovertor\ItoMcovertor.csproj]
C:\Users\thiyazin\Documents\GitHub\ItoMcovertor\ItoMcovertor.Tests\UnitConverterTests.cs(19,6): error CS0246: The type or namespace name 'TheoryAttribute' could not be found (are you missing a using directive or an assembly reference?) [C:\Users\thiyazin\Documents\GitHub\ItoMcovertor\ItoMcovertor.csproj]
C:\Users\thiyazin\Documents\GitHub\ItoMcovertor\ItoMcovertor.Tests\UnitConverterTests.cs(19,6): error CS0246: The type or namespace name 'Theory' could not be found (are you missing a using directive or an assembly reference?) [C:\Users\thiyazin\Documents\GitHub\ItoMcovertor\ItoMcovertor.csproj]
C:\Users\thiyazin\Documents\GitHub\ItoMcovertor\ItoMcovertor.Tests\UnitConverterTests.cs(20,6): error CS0246: The type or namespace name 'InlineDataAttribute' could not be found (are you missing a using directive or an assembly reference?) [C:\Users\thiyazin\Documents\GitHub\ItoMcovertor\ItoMcovertor.csproj]
C:\Users\thiyazin\Documents\GitHub\ItoMcovertor\ItoMcovertor.Tests\UnitConverterTests.cs(20,6): error CS0246: The type or namespace name 'InlineData' could not be found (are you missing a using directive or an assembly reference?) [C:\Users\thiyazin\Documents\GitHub\ItoMcovertor\ItoMcovertor.csproj]
C:\Users\thiyazin\Documents\GitHub\ItoMcovertor\ItoMcovertor.Tests\UnitConverterTests.cs(21,6): error CS0246: The type or namespace name 'InlineDataAttribute' could not be found (are you missing a using directive or an assembly reference?) [C:\Users\thiyazin\Documents\GitHub\ItoMcovertor\ItoMcovertor.csproj]
C:\Users\thiyazin\Documents\GitHub\ItoMcovertor\ItoMcovertor.Tests\UnitConverterTests.cs(21,6): error CS0246: The type or namespace name 'InlineData' could not be found (are you missing a using directive or an assembly reference?) [C:\Users\thiyazin\Documents\GitHub\ItoMcovertor\ItoMcovertor.csproj]
C:\Users\thiyazin\Documents\GitHub\ItoMcovertor\ItoMcovertor.Tests\ValidationTests.cs(38,6): error CS0246: The type or namespace name 'FactAttribute' could not be found (are you missing a using directive or an assembly reference?) [C:\Users\thiyazin\Documents\GitHub\ItoMcovertor\ItoMcovertor.csproj]
C:\Users\thiyazin\Documents\GitHub\ItoMcovertor\ItoMcovertor.Tests\ValidationTests.cs(38,6): error CS0246: The type or namespace name 'Fact' could not be found (are you missing a using directive or an assembly reference?) [C:\Users\thiyazin\Documents\GitHub\ItoMcovertor\ItoMcovertor.csproj]
C:\Users\thiyazin\Documents\GitHub\ItoMcovertor\ItoMcovertor.Tests\ValidationTests.cs(46,6): error CS0246: The type or namespace name 'FactAttribute' could not be found (are you missing a using directive or an assembly reference?) [C:\Users\thiyazin\Documents\GitHub\ItoMcovertor\ItoMcovertor.csproj]
C:\Users\thiyazin\Documents\GitHub\ItoMcovertor\ItoMcovertor.Tests\ValidationTests.cs(46,6): error CS0246: The type or namespace name 'Fact' could not be found (are you missing a using directive or an assembly reference?) [C:\Users\thiyazin\Documents\GitHub\ItoMcovertor\ItoMcovertor.csproj]
C:\Users\thiyazin\Documents\GitHub\ItoMcovertor\ItoMcovertor.Tests\ValidationTests.cs(54,6): error CS0246: The type or namespace name 'FactAttribute' could not be found (are you missing a using directive or an assembly reference?) [C:\Users\thiyazin\Documents\GitHub\ItoMcovertor\ItoMcovertor.csproj]
C:\Users\thiyazin\Documents\GitHub\ItoMcovertor\ItoMcovertor.Tests\ValidationTests.cs(54,6): error CS0246: The type or namespace name 'Fact' could not be found (are you missing a using directive or an assembly reference?) [C:\Users\thiyazin\Documents\GitHub\ItoMcovertor\ItoMcovertor.csproj]
C:\Users\thiyazin\Documents\GitHub\ItoMcovertor\ItoMcovertor.Tests\UnitConverterTests.cs(28,6): error CS0246: The type or namespace name 'TheoryAttribute' could not be found (are you missing a using directive or an assembly reference?) [C:\Users\thiyazin\Documents\GitHub\ItoMcovertor\ItoMcovertor.csproj]
C:\Users\thiyazin\Documents\GitHub\ItoMcovertor\ItoMcovertor.Tests\UnitConverterTests.cs(28,6): error CS0246: The type or namespace name 'Theory' could not be found (are you missing a using directive or an assembly reference?) [C:\Users\thiyazin\Documents\GitHub\ItoMcovertor\ItoMcovertor.csproj]
C:\Users\thiyazin\Documents\GitHub\ItoMcovertor\ItoMcovertor.Tests\UnitConverterTests.cs(29,6): error CS0246: The type or namespace name 'InlineDataAttribute' could not be found (are you missing a using directive or an assembly reference?) [C:\Users\thiyazin\Documents\GitHub\ItoMcovertor\ItoMcovertor.csproj]
C:\Users\thiyazin\Documents\GitHub\ItoMcovertor\ItoMcovertor.Tests\UnitConverterTests.cs(29,6): error CS0246: The type or namespace name 'InlineData' could not be found (are you missing a using directive or an assembly reference?) [C:\Users\thiyazin\Documents\GitHub\ItoMcovertor\ItoMcovertor.csproj]
C:\Users\thiyazin\Documents\GitHub\ItoMcovertor\ItoMcovertor.Tests\UnitConverterTests.cs(30,6): error CS0246: The type or namespace name 'InlineDataAttribute' could not be found (are you missing a using directive or an assembly reference?) [C:\Users\thiyazin\Documents\GitHub\ItoMcovertor\ItoMcovertor.csproj]
C:\Users\thiyazin\Documents\GitHub\ItoMcovertor\ItoMcovertor.Tests\UnitConverterTests.cs(30,6): error CS0246: The type or namespace name 'InlineData' could not be found (are you missing a using directive or an assembly reference?) [C:\Users\thiyazin\Documents\GitHub\ItoMcovertor\ItoMcovertor.csproj]
C:\Users\thiyazin\Documents\GitHub\ItoMcovertor\ItoMcovertor.Tests\ValidationTests.cs(67,6): error CS0246: The type or namespace name 'TheoryAttribute' could not be found (are you missing a using directive or an assembly reference?) [C:\Users\thiyazin\Documents\GitHub\ItoMcovertor\ItoMcovertor.csproj]
C:\Users\thiyazin\Documents\GitHub\ItoMcovertor\ItoMcovertor.Tests\ValidationTests.cs(67,6): error CS0246: The type or namespace name 'Theory' could not be found (are you missing a using directive or an assembly reference?) [C:\Users\thiyazin\Documents\GitHub\ItoMcovertor\ItoMcovertor.csproj]
C:\Users\thiyazin\Documents\GitHub\ItoMcovertor\ItoMcovertor.Tests\ValidationTests.cs(68,6): error CS0246: The type or namespace name 'InlineDataAttribute' could not be found (are you missing a using directive or an assembly reference?) [C:\Users\thiyazin\Documents\GitHub\ItoMcovertor\ItoMcovertor.csproj]
C:\Users\thiyazin\Documents\GitHub\ItoMcovertor\ItoMcovertor.Tests\ValidationTests.cs(68,6): error CS0246: The type or namespace name 'InlineData' could not be found (are you missing a using directive or an assembly reference?) [C:\Users\thiyazin\Documents\GitHub\ItoMcovertor\ItoMcovertor.csproj]
C:\Users\thiyazin\Documents\GitHub\ItoMcovertor\ItoMcovertor.Tests\ValidationTests.cs(69,6): error CS0246: The type or namespace name 'InlineDataAttribute' could not be found (are you missing a using directive or an assembly reference?) [C:\Users\thiyazin\Documents\GitHub\ItoMcovertor\ItoMcovertor.csproj]
C:\Users\thiyazin\Documents\GitHub\ItoMcovertor\ItoMcovertor.Tests\ValidationTests.cs(69,6): error CS0246: The type or namespace name 'InlineData' could not be found (are you missing a using directive or an assembly reference?) [C:\Users\thiyazin\Documents\GitHub\ItoMcovertor\ItoMcovertor.csproj]
C:\Users\thiyazin\Documents\GitHub\ItoMcovertor\ItoMcovertor.Tests\ValidationTests.cs(70,6): error CS0246: The type or namespace name 'InlineDataAttribute' could not be found (are you missing a using directive or an assembly reference?) [C:\Users\thiyazin\Documents\GitHub\ItoMcovertor\ItoMcovertor.csproj]
C:\Users\thiyazin\Documents\GitHub\ItoMcovertor\ItoMcovertor.Tests\ValidationTests.cs(70,6): error CS0246: The type or namespace name 'InlineData' could not be found (are you missing a using directive or an assembly reference?) [C:\Users\thiyazin\Documents\GitHub\ItoMcovertor\ItoMcovertor.csproj]
C:\Users\thiyazin\Documents\GitHub\ItoMcovertor\ItoMcovertor.Tests\UnitConverterTests.cs(37,6): error CS0246: The type or namespace name 'TheoryAttribute' could not be found (are you missing a using directive or an assembly reference?) [C:\Users\thiyazin\Documents\GitHub\ItoMcovertor\ItoMcovertor.csproj]
C:\Users\thiyazin\Documents\GitHub\ItoMcovertor\ItoMcovertor.Tests\UnitConverterTests.cs(37,6): error CS0246: The type or namespace name 'Theory' could not be found (are you missing a using directive or an assembly reference?) [C:\Users\thiyazin\Documents\GitHub\ItoMcovertor\ItoMcovertor.csproj]
C:\Users\thiyazin\Documents\GitHub\ItoMcovertor\ItoMcovertor.Tests\UnitConverterTests.cs(38,6): error CS0246: The type or namespace name 'InlineDataAttribute' could not be found (are you missing a using directive or an assembly reference?) [C:\Users\thiyazin\Documents\GitHub\ItoMcovertor\ItoMcovertor.csproj]
C:\Users\thiyazin\Documents\GitHub\ItoMcovertor\ItoMcovertor.Tests\UnitConverterTests.cs(38,6): error CS0246: The type or namespace name 'InlineData' could not be found (are you missing a using directive or an assembly reference?) [C:\Users\thiyazin\Documents\GitHub\ItoMcovertor\ItoMcovertor.csproj]
C:\Users\thiyazin\Documents\GitHub\ItoMcovertor\ItoMcovertor.Tests\UnitConverterTests.cs(39,6): error CS0246: The type or namespace name 'InlineDataAttribute' could not be found (are you missing a using directive or an assembly reference?) [C:\Users\thiyazin\Documents\GitHub\ItoMcovertor\ItoMcovertor.csproj]
C:\Users\thiyazin\Documents\GitHub\ItoMcovertor\ItoMcovertor.Tests\UnitConverterTests.cs(39,6): error CS0246: The type or namespace name 'InlineData' could not be found (are you missing a using directive or an assembly reference?) [C:\Users\thiyazin\Documents\GitHub\ItoMcovertor\ItoMcovertor.csproj]
C:\Users\thiyazin\Documents\GitHub\ItoMcovertor\ItoMcovertor.Tests\UnitConverterTests.cs(46,6): error CS0246: The type or namespace name 'TheoryAttribute' could not be found (are you missing a using directive or an assembly reference?) [C:\Users\thiyazin\Documents\GitHub\ItoMcovertor\ItoMcovertor.csproj]
C:\Users\thiyazin\Documents\GitHub\ItoMcovertor\ItoMcovertor.Tests\UnitConverterTests.cs(46,6): error CS0246: The type or namespace name 'Theory' could not be found (are you missing a using directive or an assembly reference?) [C:\Users\thiyazin\Documents\GitHub\ItoMcovertor\ItoMcovertor.csproj]
C:\Users\thiyazin\Documents\GitHub\ItoMcovertor\ItoMcovertor.Tests\UnitConverterTests.cs(47,6): error CS0246: The type or namespace name 'InlineDataAttribute' could not be found (are you missing a using directive or an assembly reference?) [C:\Users\thiyazin\Documents\GitHub\ItoMcovertor\ItoMcovertor.csproj]
C:\Users\thiyazin\Documents\GitHub\ItoMcovertor\ItoMcovertor.Tests\UnitConverterTests.cs(47,6): error CS0246: The type or namespace name 'InlineData' could not be found (are you missing a using directive or an assembly reference?) [C:\Users\thiyazin\Documents\GitHub\ItoMcovertor\ItoMcovertor.csproj]
C:\Users\thiyazin\Documents\GitHub\ItoMcovertor\ItoMcovertor.Tests\UnitConverterTests.cs(48,6): error CS0246: The type or namespace name 'InlineDataAttribute' could not be found (are you missing a using directive or an assembly reference?) [C:\Users\thiyazin\Documents\GitHub\ItoMcovertor\ItoMcovertor.csproj]
C:\Users\thiyazin\Documents\GitHub\ItoMcovertor\ItoMcovertor.Tests\UnitConverterTests.cs(48,6): error CS0246: The type or namespace name 'InlineData' could not be found (are you missing a using directive or an assembly reference?) [C:\Users\thiyazin\Documents\GitHub\ItoMcovertor\ItoMcovertor.csproj]
C:\Users\thiyazin\Documents\GitHub\ItoMcovertor\ItoMcovertor.Tests\ValidationTests.cs(78,6): error CS0246: The type or namespace name 'TheoryAttribute' could not be found (are you missing a using directive or an assembly reference?) [C:\Users\thiyazin\Documents\GitHub\ItoMcovertor\ItoMcovertor.csproj]
C:\Users\thiyazin\Documents\GitHub\ItoMcovertor\ItoMcovertor.Tests\ValidationTests.cs(78,6): error CS0246: The type or namespace name 'Theory' could not be found (are you missing a using directive or an assembly reference?) [C:\Users\thiyazin\Documents\GitHub\ItoMcovertor\ItoMcovertor.csproj]
C:\Users\thiyazin\Documents\GitHub\ItoMcovertor\ItoMcovertor.Tests\ValidationTests.cs(79,6): error CS0246: The type or namespace name 'InlineDataAttribute' could not be found (are you missing a using directive or an assembly reference?) [C:\Users\thiyazin\Documents\GitHub\ItoMcovertor\ItoMcovertor.csproj]
C:\Users\thiyazin\Documents\GitHub\ItoMcovertor\ItoMcovertor.Tests\ValidationTests.cs(79,6): error CS0246: The type or namespace name 'InlineData' could not be found (are you missing a using directive or an assembly reference?) [C:\Users\thiyazin\Documents\GitHub\ItoMcovertor\ItoMcovertor.csproj]
C:\Users\thiyazin\Documents\GitHub\ItoMcovertor\ItoMcovertor.Tests\ValidationTests.cs(80,6): error CS0246: The type or namespace name 'InlineDataAttribute' could not be found (are you missing a using directive or an assembly reference?) [C:\Users\thiyazin\Documents\GitHub\ItoMcovertor\ItoMcovertor.csproj]
C:\Users\thiyazin\Documents\GitHub\ItoMcovertor\ItoMcovertor.Tests\ValidationTests.cs(80,6): error CS0246: The type or namespace name 'InlineData' could not be found (are you missing a using directive or an assembly reference?) [C:\Users\thiyazin\Documents\GitHub\ItoMcovertor\ItoMcovertor.csproj]
C:\Users\thiyazin\Documents\GitHub\ItoMcovertor\ItoMcovertor.Tests\UnitConverterTests.cs(55,6): error CS0246: The type or namespace name 'TheoryAttribute' could not be found (are you missing a using directive or an assembly reference?) [C:\Users\thiyazin\Documents\GitHub\ItoMcovertor\ItoMcovertor.csproj]
C:\Users\thiyazin\Documents\GitHub\ItoMcovertor\ItoMcovertor.Tests\UnitConverterTests.cs(55,6): error CS0246: The type or namespace name 'Theory' could not be found (are you missing a using directive or an assembly reference?) [C:\Users\thiyazin\Documents\GitHub\ItoMcovertor\ItoMcovertor.csproj]
C:\Users\thiyazin\Documents\GitHub\ItoMcovertor\ItoMcovertor.Tests\UnitConverterTests.cs(56,6): error CS0246: The type or namespace name 'InlineDataAttribute' could not be found (are you missing a using directive or an assembly reference?) [C:\Users\thiyazin\Documents\GitHub\ItoMcovertor\ItoMcovertor.csproj]
C:\Users\thiyazin\Documents\GitHub\ItoMcovertor\ItoMcovertor.Tests\UnitConverterTests.cs(56,6): error CS0246: The type or namespace name 'InlineData' could not be found (are you missing a using directive or an assembly reference?) [C:\Users\thiyazin\Documents\GitHub\ItoMcovertor\ItoMcovertor.csproj]
C:\Users\thiyazin\Documents\GitHub\ItoMcovertor\ItoMcovertor.Tests\UnitConverterTests.cs(57,6): error CS0246: The type or namespace name 'InlineDataAttribute' could not be found (are you missing a using directive or an assembly reference?) [C:\Users\thiyazin\Documents\GitHub\ItoMcovertor\ItoMcovertor.csproj]
C:\Users\thiyazin\Documents\GitHub\ItoMcovertor\ItoMcovertor.Tests\UnitConverterTests.cs(57,6): error CS0246: The type or namespace name 'InlineData' could not be found (are you missing a using directive or an assembly reference?) [C:\Users\thiyazin\Documents\GitHub\ItoMcovertor\ItoMcovertor.csproj]
C:\Users\thiyazin\Documents\GitHub\ItoMcovertor\ItoMcovertor.Tests\UnitConverterTests.cs(68,6): error CS0246: The type or namespace name 'TheoryAttribute' could not be found (are you missing a using directive or an assembly reference?) [C:\Users\thiyazin\Documents\GitHub\ItoMcovertor\ItoMcovertor.csproj]
C:\Users\thiyazin\Documents\GitHub\ItoMcovertor\ItoMcovertor.Tests\UnitConverterTests.cs(68,6): error CS0246: The type or namespace name 'Theory' could not be found (are you missing a using directive or an assembly reference?) [C:\Users\thiyazin\Documents\GitHub\ItoMcovertor\ItoMcovertor.csproj]
C:\Users\thiyazin\Documents\GitHub\ItoMcovertor\ItoMcovertor.Tests\UnitConverterTests.cs(69,6): error CS0246: The type or namespace name 'InlineDataAttribute' could not be found (are you missing a using directive or an assembly reference?) [C:\Users\thiyazin\Documents\GitHub\ItoMcovertor\ItoMcovertor.csproj]
C:\Users\thiyazin\Documents\GitHub\ItoMcovertor\ItoMcovertor.Tests\UnitConverterTests.cs(69,6): error CS0246: The type or namespace name 'InlineData' could not be found (are you missing a using directive or an assembly reference?) [C:\Users\thiyazin\Documents\GitHub\ItoMcovertor\ItoMcovertor.csproj]
C:\Users\thiyazin\Documents\GitHub\ItoMcovertor\ItoMcovertor.Tests\UnitConverterTests.cs(70,6): error CS0246: The type or namespace name 'InlineDataAttribute' could not be found (are you missing a using directive or an assembly reference?) [C:\Users\thiyazin\Documents\GitHub\ItoMcovertor\ItoMcovertor.csproj]
C:\Users\thiyazin\Documents\GitHub\ItoMcovertor\ItoMcovertor.Tests\UnitConverterTests.cs(70,6): error CS0246: The type or namespace name 'InlineData' could not be found (are you missing a using directive or an assembly reference?) [C:\Users\thiyazin\Documents\GitHub\ItoMcovertor\ItoMcovertor.csproj]
C:\Users\thiyazin\Documents\GitHub\ItoMcovertor\ItoMcovertor.Tests\ValidationTests.cs(93,6): error CS0246: The type or namespace name 'TheoryAttribute' could not be found (are you missing a using directive or an assembly reference?) [C:\Users\thiyazin\Documents\GitHub\ItoMcovertor\ItoMcovertor.csproj]
C:\Users\thiyazin\Documents\GitHub\ItoMcovertor\ItoMcovertor.Tests\ValidationTests.cs(93,6): error CS0246: The type or namespace name 'Theory' could not be found (are you missing a using directive or an assembly reference?) [C:\Users\thiyazin\Documents\GitHub\ItoMcovertor\ItoMcovertor.csproj]
C:\Users\thiyazin\Documents\GitHub\ItoMcovertor\ItoMcovertor.Tests\ValidationTests.cs(94,6): error CS0246: The type or namespace name 'InlineDataAttribute' could not be found (are you missing a using directive or an assembly reference?) [C:\Users\thiyazin\Documents\GitHub\ItoMcovertor\ItoMcovertor.csproj]
C:\Users\thiyazin\Documents\GitHub\ItoMcovertor\ItoMcovertor.Tests\ValidationTests.cs(94,6): error CS0246: The type or namespace name 'InlineData' could not be found (are you missing a using directive or an assembly reference?) [C:\Users\thiyazin\Documents\GitHub\ItoMcovertor\ItoMcovertor.csproj]
C:\Users\thiyazin\Documents\GitHub\ItoMcovertor\ItoMcovertor.Tests\ValidationTests.cs(95,6): error CS0246: The type or namespace name 'InlineDataAttribute' could not be found (are you missing a using directive or an assembly reference?) [C:\Users\thiyazin\Documents\GitHub\ItoMcovertor\ItoMcovertor.csproj]
C:\Users\thiyazin\Documents\GitHub\ItoMcovertor\ItoMcovertor.Tests\ValidationTests.cs(95,6): error CS0246: The type or namespace name 'InlineData' could not be found (are you missing a using directive or an assembly reference?) [C:\Users\thiyazin\Documents\GitHub\ItoMcovertor\ItoMcovertor.csproj]
C:\Users\thiyazin\Documents\GitHub\ItoMcovertor\ItoMcovertor.Tests\ValidationTests.cs(96,6): error CS0246: The type or namespace name 'InlineDataAttribute' could not be found (are you missing a using directive or an assembly reference?) [C:\Users\thiyazin\Documents\GitHub\ItoMcovertor\ItoMcovertor.csproj]
C:\Users\thiyazin\Documents\GitHub\ItoMcovertor\ItoMcovertor.Tests\ValidationTests.cs(96,6): error CS0246: The type or namespace name 'InlineData' could not be found (are you missing a using directive or an assembly reference?) [C:\Users\thiyazin\Documents\GitHub\ItoMcovertor\ItoMcovertor.csproj]
C:\Users\thiyazin\Documents\GitHub\ItoMcovertor\ItoMcovertor.Tests\ValidationTests.cs(97,6): error CS0246: The type or namespace name 'InlineDataAttribute' could not be found (are you missing a using directive or an assembly reference?) [C:\Users\thiyazin\Documents\GitHub\ItoMcovertor\ItoMcovertor.csproj]
C:\Users\thiyazin\Documents\GitHub\ItoMcovertor\ItoMcovertor.Tests\ValidationTests.cs(97,6): error CS0246: The type or namespace name 'InlineData' could not be found (are you missing a using directive or an assembly reference?) [C:\Users\thiyazin\Documents\GitHub\ItoMcovertor\ItoMcovertor.csproj]
C:\Users\thiyazin\Documents\GitHub\ItoMcovertor\ItoMcovertor.Tests\UnitConverterTests.cs(77,6): error CS0246: The type or namespace name 'TheoryAttribute' could not be found (are you missing a using directive or an assembly reference?) [C:\Users\thiyazin\Documents\GitHub\ItoMcovertor\ItoMcovertor.csproj]
C:\Users\thiyazin\Documents\GitHub\ItoMcovertor\ItoMcovertor.Tests\UnitConverterTests.cs(77,6): error CS0246: The type or namespace name 'Theory' could not be found (are you missing a using directive or an assembly reference?) [C:\Users\thiyazin\Documents\GitHub\ItoMcovertor\ItoMcovertor.csproj]
C:\Users\thiyazin\Documents\GitHub\ItoMcovertor\ItoMcovertor.Tests\UnitConverterTests.cs(78,6): error CS0246: The type or namespace name 'InlineDataAttribute' could not be found (are you missing a using directive or an assembly reference?) [C:\Users\thiyazin\Documents\GitHub\ItoMcovertor\ItoMcovertor.csproj]
C:\Users\thiyazin\Documents\GitHub\ItoMcovertor\ItoMcovertor.Tests\UnitConverterTests.cs(78,6): error CS0246: The type or namespace name 'InlineData' could not be found (are you missing a using directive or an assembly reference?) [C:\Users\thiyazin\Documents\GitHub\ItoMcovertor\ItoMcovertor.csproj]
C:\Users\thiyazin\Documents\GitHub\ItoMcovertor\ItoMcovertor.Tests\UnitConverterTests.cs(79,6): error CS0246: The type or namespace name 'InlineDataAttribute' could not be found (are you missing a using directive or an assembly reference?) [C:\Users\thiyazin\Documents\GitHub\ItoMcovertor\ItoMcovertor.csproj]
C:\Users\thiyazin\Documents\GitHub\ItoMcovertor\ItoMcovertor.Tests\UnitConverterTests.cs(79,6): error CS0246: The type or namespace name 'InlineData' could not be found (are you missing a using directive or an assembly reference?) [C:\Users\thiyazin\Documents\GitHub\ItoMcovertor\ItoMcovertor.csproj]
C:\Users\thiyazin\Documents\GitHub\ItoMcovertor\ItoMcovertor.Tests\ValidationTests.cs(104,6): error CS0246: The type or namespace name 'TheoryAttribute' could not be found (are you missing a using directive or an assembly reference?) [C:\Users\thiyazin\Documents\GitHub\ItoMcovertor\ItoMcovertor.csproj]
C:\Users\thiyazin\Documents\GitHub\ItoMcovertor\ItoMcovertor.Tests\ValidationTests.cs(104,6): error CS0246: The type or namespace name 'Theory' could not be found (are you missing a using directive or an assembly reference?) [C:\Users\thiyazin\Documents\GitHub\ItoMcovertor\ItoMcovertor.csproj]
C:\Users\thiyazin\Documents\GitHub\ItoMcovertor\ItoMcovertor.Tests\ValidationTests.cs(105,6): error CS0246: The type or namespace name 'InlineDataAttribute' could not be found (are you missing a using directive or an assembly reference?) [C:\Users\thiyazin\Documents\GitHub\ItoMcovertor\ItoMcovertor.csproj]
C:\Users\thiyazin\Documents\GitHub\ItoMcovertor\ItoMcovertor.Tests\ValidationTests.cs(105,6): error CS0246: The type or namespace name 'InlineData' could not be found (are you missing a using directive or an assembly reference?) [C:\Users\thiyazin\Documents\GitHub\ItoMcovertor\ItoMcovertor.csproj]
C:\Users\thiyazin\Documents\GitHub\ItoMcovertor\ItoMcovertor.Tests\ValidationTests.cs(106,6): error CS0246: The type or namespace name 'InlineDataAttribute' could not be found (are you missing a using directive or an assembly reference?) [C:\Users\thiyazin\Documents\GitHub\ItoMcovertor\ItoMcovertor.csproj]
C:\Users\thiyazin\Documents\GitHub\ItoMcovertor\ItoMcovertor.Tests\ValidationTests.cs(106,6): error CS0246: The type or namespace name 'InlineData' could not be found (are you missing a using directive or an assembly reference?) [C:\Users\thiyazin\Documents\GitHub\ItoMcovertor\ItoMcovertor.csproj]
C:\Users\thiyazin\Documents\GitHub\ItoMcovertor\ItoMcovertor.Tests\ValidationTests.cs(107,6): error CS0246: The type or namespace name 'InlineDataAttribute' could not be found (are you missing a using directive or an assembly reference?) [C:\Users\thiyazin\Documents\GitHub\ItoMcovertor\ItoMcovertor.csproj]
C:\Users\thiyazin\Documents\GitHub\ItoMcovertor\ItoMcovertor.Tests\ValidationTests.cs(107,6): error CS0246: The type or namespace name 'InlineData' could not be found (are you missing a using directive or an assembly reference?) [C:\Users\thiyazin\Documents\GitHub\ItoMcovertor\ItoMcovertor.csproj]
C:\Users\thiyazin\Documents\GitHub\ItoMcovertor\ItoMcovertor.Tests\UnitConverterTests.cs(86,6): error CS0246: The type or namespace name 'TheoryAttribute' could not be found (are you missing a using directive or an assembly reference?) [C:\Users\thiyazin\Documents\GitHub\ItoMcovertor\ItoMcovertor.csproj]
C:\Users\thiyazin\Documents\GitHub\ItoMcovertor\ItoMcovertor.Tests\UnitConverterTests.cs(86,6): error CS0246: The type or namespace name 'Theory' could not be found (are you missing a using directive or an assembly reference?) [C:\Users\thiyazin\Documents\GitHub\ItoMcovertor\ItoMcovertor.csproj]
C:\Users\thiyazin\Documents\GitHub\ItoMcovertor\ItoMcovertor.Tests\UnitConverterTests.cs(87,6): error CS0246: The type or namespace name 'InlineDataAttribute' could not be found (are you missing a using directive or an assembly reference?) [C:\Users\thiyazin\Documents\GitHub\ItoMcovertor\ItoMcovertor.csproj]
C:\Users\thiyazin\Documents\GitHub\ItoMcovertor\ItoMcovertor.Tests\UnitConverterTests.cs(87,6): error CS0246: The type or namespace name 'InlineData' could not be found (are you missing a using directive or an assembly reference?) [C:\Users\thiyazin\Documents\GitHub\ItoMcovertor\ItoMcovertor.csproj]
C:\Users\thiyazin\Documents\GitHub\ItoMcovertor\ItoMcovertor.Tests\UnitConverterTests.cs(88,6): error CS0246: The type or namespace name 'InlineDataAttribute' could not be found (are you missing a using directive or an assembly reference?) [C:\Users\thiyazin\Documents\GitHub\ItoMcovertor\ItoMcovertor.csproj]
C:\Users\thiyazin\Documents\GitHub\ItoMcovertor\ItoMcovertor.Tests\UnitConverterTests.cs(88,6): error CS0246: The type or namespace name 'InlineData' could not be found (are you missing a using directive or an assembly reference?) [C:\Users\thiyazin\Documents\GitHub\ItoMcovertor\ItoMcovertor.csproj]
C:\Users\thiyazin\Documents\GitHub\ItoMcovertor\ItoMcovertor.Tests\UnitConverterTests.cs(99,6): error CS0246: The type or namespace name 'TheoryAttribute' could not be found (are you missing a using directive or an assembly reference?) [C:\Users\thiyazin\Documents\GitHub\ItoMcovertor\ItoMcovertor.csproj]
C:\Users\thiyazin\Documents\GitHub\ItoMcovertor\ItoMcovertor.Tests\UnitConverterTests.cs(99,6): error CS0246: The type or namespace name 'Theory' could not be found (are you missing a using directive or an assembly reference?) [C:\Users\thiyazin\Documents\GitHub\ItoMcovertor\ItoMcovertor.csproj]
C:\Users\thiyazin\Documents\GitHub\ItoMcovertor\ItoMcovertor.Tests\UnitConverterTests.cs(100,6): error CS0246: The type or namespace name 'InlineDataAttribute' could not be found (are you missing a using directive or an assembly reference?) [C:\Users\thiyazin\Documents\GitHub\ItoMcovertor\ItoMcovertor.csproj]
C:\Users\thiyazin\Documents\GitHub\ItoMcovertor\ItoMcovertor.Tests\UnitConverterTests.cs(100,6): error CS0246: The type or namespace name 'InlineData' could not be found (are you missing a using directive or an assembly reference?) [C:\Users\thiyazin\Documents\GitHub\ItoMcovertor\ItoMcovertor.csproj]
C:\Users\thiyazin\Documents\GitHub\ItoMcovertor\ItoMcovertor.Tests\UnitConverterTests.cs(101,6): error CS0246: The type or namespace name 'InlineDataAttribute' could not be found (are you missing a using directive or an assembly reference?) [C:\Users\thiyazin\Documents\GitHub\ItoMcovertor\ItoMcovertor.csproj]
C:\Users\thiyazin\Documents\GitHub\ItoMcovertor\ItoMcovertor.Tests\UnitConverterTests.cs(101,6): error CS0246: The type or namespace name 'InlineData' could not be found (are you missing a using directive or an assembly reference?) [C:\Users\thiyazin\Documents\GitHub\ItoMcovertor\ItoMcovertor.csproj]
C:\Users\thiyazin\Documents\GitHub\ItoMcovertor\ItoMcovertor.Tests\UnitConverterTests.cs(108,6): error CS0246: The type or namespace name 'TheoryAttribute' could not be found (are you missing a using directive or an assembly reference?) [C:\Users\thiyazin\Documents\GitHub\ItoMcovertor\ItoMcovertor.csproj]
C:\Users\thiyazin\Documents\GitHub\ItoMcovertor\ItoMcovertor.Tests\UnitConverterTests.cs(108,6): error CS0246: The type or namespace name 'Theory' could not be found (are you missing a using directive or an assembly reference?) [C:\Users\thiyazin\Documents\GitHub\ItoMcovertor\ItoMcovertor.csproj]
C:\Users\thiyazin\Documents\GitHub\ItoMcovertor\ItoMcovertor.Tests\UnitConverterTests.cs(109,6): error CS0246: The type or namespace name 'InlineDataAttribute' could not be found (are you missing a using directive or an assembly reference?) [C:\Users\thiyazin\Documents\GitHub\ItoMcovertor\ItoMcovertor.csproj]
C:\Users\thiyazin\Documents\GitHub\ItoMcovertor\ItoMcovertor.Tests\UnitConverterTests.cs(109,6): error CS0246: The type or namespace name 'InlineData' could not be found (are you missing a using directive or an assembly reference?) [C:\Users\thiyazin\Documents\GitHub\ItoMcovertor\ItoMcovertor.csproj]
C:\Users\thiyazin\Documents\GitHub\ItoMcovertor\ItoMcovertor.Tests\UnitConverterTests.cs(110,6): error CS0246: The type or namespace name 'InlineDataAttribute' could not be found (are you missing a using directive or an assembly reference?) [C:\Users\thiyazin\Documents\GitHub\ItoMcovertor\ItoMcovertor.csproj]
C:\Users\thiyazin\Documents\GitHub\ItoMcovertor\ItoMcovertor.Tests\UnitConverterTests.cs(110,6): error CS0246: The type or namespace name 'InlineData' could not be found (are you missing a using directive or an assembly reference?) [C:\Users\thiyazin\Documents\GitHub\ItoMcovertor\ItoMcovertor.csproj]
C:\Users\thiyazin\Documents\GitHub\ItoMcovertor\ItoMcovertor.Tests\UnitConverterTests.cs(121,6): error CS0246: The type or namespace name 'TheoryAttribute' could not be found (are you missing a using directive or an assembly reference?) [C:\Users\thiyazin\Documents\GitHub\ItoMcovertor\ItoMcovertor.csproj]
C:\Users\thiyazin\Documents\GitHub\ItoMcovertor\ItoMcovertor.Tests\UnitConverterTests.cs(121,6): error CS0246: The type or namespace name 'Theory' could not be found (are you missing a using directive or an assembly reference?) [C:\Users\thiyazin\Documents\GitHub\ItoMcovertor\ItoMcovertor.csproj]
C:\Users\thiyazin\Documents\GitHub\ItoMcovertor\ItoMcovertor.Tests\UnitConverterTests.cs(122,6): error CS0246: The type or namespace name 'InlineDataAttribute' could not be found (are you missing a using directive or an assembly reference?) [C:\Users\thiyazin\Documents\GitHub\ItoMcovertor\ItoMcovertor.csproj]
C:\Users\thiyazin\Documents\GitHub\ItoMcovertor\ItoMcovertor.Tests\UnitConverterTests.cs(122,6): error CS0246: The type or namespace name 'InlineData' could not be found (are you missing a using directive or an assembly reference?) [C:\Users\thiyazin\Documents\GitHub\ItoMcovertor\ItoMcovertor.csproj]
C:\Users\thiyazin\Documents\GitHub\ItoMcovertor\ItoMcovertor.Tests\UnitConverterTests.cs(123,6): error CS0246: The type or namespace name 'InlineDataAttribute' could not be found (are you missing a using directive or an assembly reference?) [C:\Users\thiyazin\Documents\GitHub\ItoMcovertor\ItoMcovertor.csproj]
C:\Users\thiyazin\Documents\GitHub\ItoMcovertor\ItoMcovertor.Tests\UnitConverterTests.cs(123,6): error CS0246: The type or namespace name 'InlineData' could not be found (are you missing a using directive or an assembly reference?) [C:\Users\thiyazin\Documents\GitHub\ItoMcovertor\ItoMcovertor.csproj]
C:\Users\thiyazin\Documents\GitHub\ItoMcovertor\ItoMcovertor.Tests\UnitConverterTests.cs(130,6): error CS0246: The type or namespace name 'TheoryAttribute' could not be found (are you missing a using directive or an assembly reference?) [C:\Users\thiyazin\Documents\GitHub\ItoMcovertor\ItoMcovertor.csproj]
C:\Users\thiyazin\Documents\GitHub\ItoMcovertor\ItoMcovertor.Tests\UnitConverterTests.cs(130,6): error CS0246: The type or namespace name 'Theory' could not be found (are you missing a using directive or an assembly reference?) [C:\Users\thiyazin\Documents\GitHub\ItoMcovertor\ItoMcovertor.csproj]
C:\Users\thiyazin\Documents\GitHub\ItoMcovertor\ItoMcovertor.Tests\UnitConverterTests.cs(131,6): error CS0246: The type or namespace name 'InlineDataAttribute' could not be found (are you missing a using directive or an assembly reference?) [C:\Users\thiyazin\Documents\GitHub\ItoMcovertor\ItoMcovertor.csproj]
C:\Users\thiyazin\Documents\GitHub\ItoMcovertor\ItoMcovertor.Tests\UnitConverterTests.cs(131,6): error CS0246: The type or namespace name 'InlineData' could not be found (are you missing a using directive or an assembly reference?) [C:\Users\thiyazin\Documents\GitHub\ItoMcovertor\ItoMcovertor.csproj]
C:\Users\thiyazin\Documents\GitHub\ItoMcovertor\ItoMcovertor.Tests\UnitConverterTests.cs(132,6): error CS0246: The type or namespace name 'InlineDataAttribute' could not be found (are you missing a using directive or an assembly reference?) [C:\Users\thiyazin\Documents\GitHub\ItoMcovertor\ItoMcovertor.csproj]
C:\Users\thiyazin\Documents\GitHub\ItoMcovertor\ItoMcovertor.Tests\UnitConverterTests.cs(132,6): error CS0246: The type or namespace name 'InlineData' could not be found (are you missing a using directive or an assembly reference?) [C:\Users\thiyazin\Documents\GitHub\ItoMcovertor\ItoMcovertor.csproj]
C:\Users\thiyazin\Documents\GitHub\ItoMcovertor\ItoMcovertor.Tests\UnitConverterTests.cs(143,6): error CS0246: The type or namespace name 'TheoryAttribute' could not be found (are you missing a using directive or an assembly reference?) [C:\Users\thiyazin\Documents\GitHub\ItoMcovertor\ItoMcovertor.csproj]
C:\Users\thiyazin\Documents\GitHub\ItoMcovertor\ItoMcovertor.Tests\UnitConverterTests.cs(143,6): error CS0246: The type or namespace name 'Theory' could not be found (are you missing a using directive or an assembly reference?) [C:\Users\thiyazin\Documents\GitHub\ItoMcovertor\ItoMcovertor.csproj]
C:\Users\thiyazin\Documents\GitHub\ItoMcovertor\ItoMcovertor.Tests\UnitConverterTests.cs(144,6): error CS0246: The type or namespace name 'InlineDataAttribute' could not be found (are you missing a using directive or an assembly reference?) [C:\Users\thiyazin\Documents\GitHub\ItoMcovertor\ItoMcovertor.csproj]
C:\Users\thiyazin\Documents\GitHub\ItoMcovertor\ItoMcovertor.Tests\UnitConverterTests.cs(144,6): error CS0246: The type or namespace name 'InlineData' could not be found (are you missing a using directive or an assembly reference?) [C:\Users\thiyazin\Documents\GitHub\ItoMcovertor\ItoMcovertor.csproj]
C:\Users\thiyazin\Documents\GitHub\ItoMcovertor\ItoMcovertor.Tests\UnitConverterTests.cs(145,6): error CS0246: The type or namespace name 'InlineDataAttribute' could not be found (are you missing a using directive or an assembly reference?) [C:\Users\thiyazin\Documents\GitHub\ItoMcovertor\ItoMcovertor.csproj]
C:\Users\thiyazin\Documents\GitHub\ItoMcovertor\ItoMcovertor.Tests\UnitConverterTests.cs(145,6): error CS0246: The type or namespace name 'InlineData' could not be found (are you missing a using directive or an assembly reference?) [C:\Users\thiyazin\Documents\GitHub\ItoMcovertor\ItoMcovertor.csproj]
C:\Users\thiyazin\Documents\GitHub\ItoMcovertor\ItoMcovertor.Tests\UnitConverterTests.cs(152,6): error CS0246: The type or namespace name 'TheoryAttribute' could not be found (are you missing a using directive or an assembly reference?) [C:\Users\thiyazin\Documents\GitHub\ItoMcovertor\ItoMcovertor.csproj]
C:\Users\thiyazin\Documents\GitHub\ItoMcovertor\ItoMcovertor.Tests\UnitConverterTests.cs(152,6): error CS0246: The type or namespace name 'Theory' could not be found (are you missing a using directive or an assembly reference?) [C:\Users\thiyazin\Documents\GitHub\ItoMcovertor\ItoMcovertor.csproj]
C:\Users\thiyazin\Documents\GitHub\ItoMcovertor\ItoMcovertor.Tests\UnitConverterTests.cs(153,6): error CS0246: The type or namespace name 'InlineDataAttribute' could not be found (are you missing a using directive or an assembly reference?) [C:\Users\thiyazin\Documents\GitHub\ItoMcovertor\ItoMcovertor.csproj]
C:\Users\thiyazin\Documents\GitHub\ItoMcovertor\ItoMcovertor.Tests\UnitConverterTests.cs(153,6): error CS0246: The type or namespace name 'InlineData' could not be found (are you missing a using directive or an assembly reference?) [C:\Users\thiyazin\Documents\GitHub\ItoMcovertor\ItoMcovertor.csproj]
C:\Users\thiyazin\Documents\GitHub\ItoMcovertor\ItoMcovertor.Tests\UnitConverterTests.cs(154,6): error CS0246: The type or namespace name 'InlineDataAttribute' could not be found (are you missing a using directive or an assembly reference?) [C:\Users\thiyazin\Documents\GitHub\ItoMcovertor\ItoMcovertor.csproj]
C:\Users\thiyazin\Documents\GitHub\ItoMcovertor\ItoMcovertor.Tests\UnitConverterTests.cs(154,6): error CS0246: The type or namespace name 'InlineData' could not be found (are you missing a using directive or an assembly reference?) [C:\Users\thiyazin\Documents\GitHub\ItoMcovertor\ItoMcovertor.csproj]
C:\Users\thiyazin\Documents\GitHub\ItoMcovertor\ItoMcovertor.Tests\UnitConverterTests.cs(165,6): error CS0246: The type or namespace name 'TheoryAttribute' could not be found (are you missing a using directive or an assembly reference?) [C:\Users\thiyazin\Documents\GitHub\ItoMcovertor\ItoMcovertor.csproj]
C:\Users\thiyazin\Documents\GitHub\ItoMcovertor\ItoMcovertor.Tests\UnitConverterTests.cs(165,6): error CS0246: The type or namespace name 'Theory' could not be found (are you missing a using directive or an assembly reference?) [C:\Users\thiyazin\Documents\GitHub\ItoMcovertor\ItoMcovertor.csproj]
C:\Users\thiyazin\Documents\GitHub\ItoMcovertor\ItoMcovertor.Tests\UnitConverterTests.cs(166,6): error CS0246: The type or namespace name 'InlineDataAttribute' could not be found (are you missing a using directive or an assembly reference?) [C:\Users\thiyazin\Documents\GitHub\ItoMcovertor\ItoMcovertor.csproj]
C:\Users\thiyazin\Documents\GitHub\ItoMcovertor\ItoMcovertor.Tests\UnitConverterTests.cs(166,6): error CS0246: The type or namespace name 'InlineData' could not be found (are you missing a using directive or an assembly reference?) [C:\Users\thiyazin\Documents\GitHub\ItoMcovertor\ItoMcovertor.csproj]
C:\Users\thiyazin\Documents\GitHub\ItoMcovertor\ItoMcovertor.Tests\UnitConverterTests.cs(167,6): error CS0246: The type or namespace name 'InlineDataAttribute' could not be found (are you missing a using directive or an assembly reference?) [C:\Users\thiyazin\Documents\GitHub\ItoMcovertor\ItoMcovertor.csproj]
C:\Users\thiyazin\Documents\GitHub\ItoMcovertor\ItoMcovertor.Tests\UnitConverterTests.cs(167,6): error CS0246: The type or namespace name 'InlineData' could not be found (are you missing a using directive or an assembly reference?) [C:\Users\thiyazin\Documents\GitHub\ItoMcovertor\ItoMcovertor.csproj]
C:\Users\thiyazin\Documents\GitHub\ItoMcovertor\ItoMcovertor.Tests\UnitConverterTests.cs(174,6): error CS0246: The type or namespace name 'TheoryAttribute' could not be found (are you missing a using directive or an assembly reference?) [C:\Users\thiyazin\Documents\GitHub\ItoMcovertor\ItoMcovertor.csproj]
C:\Users\thiyazin\Documents\GitHub\ItoMcovertor\ItoMcovertor.Tests\UnitConverterTests.cs(174,6): error CS0246: The type or namespace name 'Theory' could not be found (are you missing a using directive or an assembly reference?) [C:\Users\thiyazin\Documents\GitHub\ItoMcovertor\ItoMcovertor.csproj]
C:\Users\thiyazin\Documents\GitHub\ItoMcovertor\ItoMcovertor.Tests\UnitConverterTests.cs(175,6): error CS0246: The type or namespace name 'InlineDataAttribute' could not be found (are you missing a using directive or an assembly reference?) [C:\Users\thiyazin\Documents\GitHub\ItoMcovertor\ItoMcovertor.csproj]
C:\Users\thiyazin\Documents\GitHub\ItoMcovertor\ItoMcovertor.Tests\UnitConverterTests.cs(175,6): error CS0246: The type or namespace name 'InlineData' could not be found (are you missing a using directive or an assembly reference?) [C:\Users\thiyazin\Documents\GitHub\ItoMcovertor\ItoMcovertor.csproj]
C:\Users\thiyazin\Documents\GitHub\ItoMcovertor\ItoMcovertor.Tests\UnitConverterTests.cs(176,6): error CS0246: The type or namespace name 'InlineDataAttribute' could not be found (are you missing a using directive or an assembly reference?) [C:\Users\thiyazin\Documents\GitHub\ItoMcovertor\ItoMcovertor.csproj]
C:\Users\thiyazin\Documents\GitHub\ItoMcovertor\ItoMcovertor.Tests\UnitConverterTests.cs(176,6): error CS0246: The type or namespace name 'InlineData' could not be found (are you missing a using directive or an assembly reference?) [C:\Users\thiyazin\Documents\GitHub\ItoMcovertor\ItoMcovertor.csproj]
C:\Users\thiyazin\Documents\GitHub\ItoMcovertor\ItoMcovertor.Tests\UnitConverterTests.cs(187,6): error CS0246: The type or namespace name 'TheoryAttribute' could not be found (are you missing a using directive or an assembly reference?) [C:\Users\thiyazin\Documents\GitHub\ItoMcovertor\ItoMcovertor.csproj]
C:\Users\thiyazin\Documents\GitHub\ItoMcovertor\ItoMcovertor.Tests\UnitConverterTests.cs(187,6): error CS0246: The type or namespace name 'Theory' could not be found (are you missing a using directive or an assembly reference?) [C:\Users\thiyazin\Documents\GitHub\ItoMcovertor\ItoMcovertor.csproj]
C:\Users\thiyazin\Documents\GitHub\ItoMcovertor\ItoMcovertor.Tests\UnitConverterTests.cs(188,6): error CS0246: The type or namespace name 'InlineDataAttribute' could not be found (are you missing a using directive or an assembly reference?) [C:\Users\thiyazin\Documents\GitHub\ItoMcovertor\ItoMcovertor.csproj]
C:\Users\thiyazin\Documents\GitHub\ItoMcovertor\ItoMcovertor.Tests\UnitConverterTests.cs(188,6): error CS0246: The type or namespace name 'InlineData' could not be found (are you missing a using directive or an assembly reference?) [C:\Users\thiyazin\Documents\GitHub\ItoMcovertor\ItoMcovertor.csproj]
C:\Users\thiyazin\Documents\GitHub\ItoMcovertor\ItoMcovertor.Tests\UnitConverterTests.cs(189,6): error CS0246: The type or namespace name 'InlineDataAttribute' could not be found (are you missing a using directive or an assembly reference?) [C:\Users\thiyazin\Documents\GitHub\ItoMcovertor\ItoMcovertor.csproj]
C:\Users\thiyazin\Documents\GitHub\ItoMcovertor\ItoMcovertor.Tests\UnitConverterTests.cs(189,6): error CS0246: The type or namespace name 'InlineData' could not be found (are you missing a using directive or an assembly reference?) [C:\Users\thiyazin\Documents\GitHub\ItoMcovertor\ItoMcovertor.csproj]
C:\Users\thiyazin\Documents\GitHub\ItoMcovertor\ItoMcovertor.Tests\UnitConverterTests.cs(190,6): error CS0246: The type or namespace name 'InlineDataAttribute' could not be found (are you missing a using directive or an assembly reference?) [C:\Users\thiyazin\Documents\GitHub\ItoMcovertor\ItoMcovertor.csproj]
C:\Users\thiyazin\Documents\GitHub\ItoMcovertor\ItoMcovertor.Tests\UnitConverterTests.cs(190,6): error CS0246: The type or namespace name 'InlineData' could not be found (are you missing a using directive or an assembly reference?) [C:\Users\thiyazin\Documents\GitHub\ItoMcovertor\ItoMcovertor.csproj]
C:\Users\thiyazin\Documents\GitHub\ItoMcovertor\ItoMcovertor.Tests\UnitConverterTests.cs(197,6): error CS0246: The type or namespace name 'TheoryAttribute' could not be found (are you missing a using directive or an assembly reference?) [C:\Users\thiyazin\Documents\GitHub\ItoMcovertor\ItoMcovertor.csproj]
C:\Users\thiyazin\Documents\GitHub\ItoMcovertor\ItoMcovertor.Tests\UnitConverterTests.cs(197,6): error CS0246: The type or namespace name 'Theory' could not be found (are you missing a using directive or an assembly reference?) [C:\Users\thiyazin\Documents\GitHub\ItoMcovertor\ItoMcovertor.csproj]
C:\Users\thiyazin\Documents\GitHub\ItoMcovertor\ItoMcovertor.Tests\UnitConverterTests.cs(198,6): error CS0246: The type or namespace name 'InlineDataAttribute' could not be found (are you missing a using directive or an assembly reference?) [C:\Users\thiyazin\Documents\GitHub\ItoMcovertor\ItoMcovertor.csproj]
C:\Users\thiyazin\Documents\GitHub\ItoMcovertor\ItoMcovertor.Tests\UnitConverterTests.cs(198,6): error CS0246: The type or namespace name 'InlineData' could not be found (are you missing a using directive or an assembly reference?) [C:\Users\thiyazin\Documents\GitHub\ItoMcovertor\ItoMcovertor.csproj]
C:\Users\thiyazin\Documents\GitHub\ItoMcovertor\ItoMcovertor.Tests\UnitConverterTests.cs(199,6): error CS0246: The type or namespace name 'InlineDataAttribute' could not be found (are you missing a using directive or an assembly reference?) [C:\Users\thiyazin\Documents\GitHub\ItoMcovertor\ItoMcovertor.csproj]
C:\Users\thiyazin\Documents\GitHub\ItoMcovertor\ItoMcovertor.Tests\UnitConverterTests.cs(199,6): error CS0246: The type or namespace name 'InlineData' could not be found (are you missing a using directive or an assembly reference?) [C:\Users\thiyazin\Documents\GitHub\ItoMcovertor\ItoMcovertor.csproj]
C:\Users\thiyazin\Documents\GitHub\ItoMcovertor\ItoMcovertor.Tests\UnitConverterTests.cs(200,6): error CS0246: The type or namespace name 'InlineDataAttribute' could not be found (are you missing a using directive or an assembly reference?) [C:\Users\thiyazin\Documents\GitHub\ItoMcovertor\ItoMcovertor.csproj]
C:\Users\thiyazin\Documents\GitHub\ItoMcovertor\ItoMcovertor.Tests\UnitConverterTests.cs(200,6): error CS0246: The type or namespace name 'InlineData' could not be found (are you missing a using directive or an assembly reference?) [C:\Users\thiyazin\Documents\GitHub\ItoMcovertor\ItoMcovertor.csproj]

Build FAILED.

C:\Users\thiyazin\Documents\GitHub\ItoMcovertor\ItoMcovertor.Tests\UnitTest1.cs(5,6): error CS0246: The type or namespace name 'FactAttribute' could not be found (are you missing a using directive or an assembly reference?) [C:\Users\thiyazin\Documents\GitHub\ItoMcovertor\ItoMcovertor.csproj]
C:\Users\thiyazin\Documents\GitHub\ItoMcovertor\ItoMcovertor.Tests\UnitTest1.cs(5,6): error CS0246: The type or namespace name 'Fact' could not be found (are you missing a using directive or an assembly reference?) [C:\Users\thiyazin\Documents\GitHub\ItoMcovertor\ItoMcovertor.csproj]
C:\Users\thiyazin\Documents\GitHub\ItoMcovertor\ItoMcovertor.Tests\UnitConverterTests.cs(9,6): error CS0246: The type or namespace name 'TheoryAttribute' could not be found (are you missing a using directive or an assembly reference?) [C:\Users\thiyazin\Documents\GitHub\ItoMcovertor\ItoMcovertor.csproj]
C:\Users\thiyazin\Documents\GitHub\ItoMcovertor\ItoMcovertor.Tests\UnitConverterTests.cs(9,6): error CS0246: The type or namespace name 'Theory' could not be found (are you missing a using directive or an assembly reference?) [C:\Users\thiyazin\Documents\GitHub\ItoMcovertor\ItoMcovertor.csproj]
C:\Users\thiyazin\Documents\GitHub\ItoMcovertor\ItoMcovertor.Tests\UnitConverterTests.cs(10,6): error CS0246: The type or namespace name 'InlineDataAttribute' could not be found (are you missing a using directive or an assembly reference?) [C:\Users\thiyazin\Documents\GitHub\ItoMcovertor\ItoMcovertor.csproj]
C:\Users\thiyazin\Documents\GitHub\ItoMcovertor\ItoMcovertor.Tests\UnitConverterTests.cs(10,6): error CS0246: The type or namespace name 'InlineData' could not be found (are you missing a using directive or an assembly reference?) [C:\Users\thiyazin\Documents\GitHub\ItoMcovertor\ItoMcovertor.csproj]
C:\Users\thiyazin\Documents\GitHub\ItoMcovertor\ItoMcovertor.Tests\UnitConverterTests.cs(11,6): error CS0246: The type or namespace name 'InlineDataAttribute' could not be found (are you missing a using directive or an assembly reference?) [C:\Users\thiyazin\Documents\GitHub\ItoMcovertor\ItoMcovertor.csproj]
C:\Users\thiyazin\Documents\GitHub\ItoMcovertor\ItoMcovertor.Tests\UnitConverterTests.cs(11,6): error CS0246: The type or namespace name 'InlineData' could not be found (are you missing a using directive or an assembly reference?) [C:\Users\thiyazin\Documents\GitHub\ItoMcovertor\ItoMcovertor.csproj]
C:\Users\thiyazin\Documents\GitHub\ItoMcovertor\ItoMcovertor.Tests\UnitConverterTests.cs(12,6): error CS0246: The type or namespace name 'InlineDataAttribute' could not be found (are you missing a using directive or an assembly reference?) [C:\Users\thiyazin\Documents\GitHub\ItoMcovertor\ItoMcovertor.csproj]
C:\Users\thiyazin\Documents\GitHub\ItoMcovertor\ItoMcovertor.Tests\UnitConverterTests.cs(12,6): error CS0246: The type or namespace name 'InlineData' could not be found (are you missing a using directive or an assembly reference?) [C:\Users\thiyazin\Documents\GitHub\ItoMcovertor\ItoMcovertor.csproj]
C:\Users\thiyazin\Documents\GitHub\ItoMcovertor\ItoMcovertor.Tests\ValidationTests.cs(9,6): error CS0246: The type or namespace name 'FactAttribute' could not be found (are you missing a using directive or an assembly reference?) [C:\Users\thiyazin\Documents\GitHub\ItoMcovertor\ItoMcovertor.csproj]
C:\Users\thiyazin\Documents\GitHub\ItoMcovertor\ItoMcovertor.Tests\ValidationTests.cs(9,6): error CS0246: The type or namespace name 'Fact' could not be found (are you missing a using directive or an assembly reference?) [C:\Users\thiyazin\Documents\GitHub\ItoMcovertor\ItoMcovertor.csproj]
C:\Users\thiyazin\Documents\GitHub\ItoMcovertor\ItoMcovertor.Tests\ValidationTests.cs(17,6): error CS0246: The type or namespace name 'FactAttribute' could not be found (are you missing a using directive or an assembly reference?) [C:\Users\thiyazin\Documents\GitHub\ItoMcovertor\ItoMcovertor.csproj]
C:\Users\thiyazin\Documents\GitHub\ItoMcovertor\ItoMcovertor.Tests\ValidationTests.cs(17,6): error CS0246: The type or namespace name 'Fact' could not be found (are you missing a using directive or an assembly reference?) [C:\Users\thiyazin\Documents\GitHub\ItoMcovertor\ItoMcovertor.csproj]
C:\Users\thiyazin\Documents\GitHub\ItoMcovertor\ItoMcovertor.Tests\ValidationTests.cs(25,6): error CS0246: The type or namespace name 'FactAttribute' could not be found (are you missing a using directive or an assembly reference?) [C:\Users\thiyazin\Documents\GitHub\ItoMcovertor\ItoMcovertor.csproj]
C:\Users\thiyazin\Documents\GitHub\ItoMcovertor\ItoMcovertor.Tests\ValidationTests.cs(25,6): error CS0246: The type or namespace name 'Fact' could not be found (are you missing a using directive or an assembly reference?) [C:\Users\thiyazin\Documents\GitHub\ItoMcovertor\ItoMcovertor.csproj]
C:\Users\thiyazin\Documents\GitHub\ItoMcovertor\ItoMcovertor.Tests\UnitConverterTests.cs(19,6): error CS0246: The type or namespace name 'TheoryAttribute' could not be found (are you missing a using directive or an assembly reference?) [C:\Users\thiyazin\Documents\GitHub\ItoMcovertor\ItoMcovertor.csproj]
C:\Users\thiyazin\Documents\GitHub\ItoMcovertor\ItoMcovertor.Tests\UnitConverterTests.cs(19,6): error CS0246: The type or namespace name 'Theory' could not be found (are you missing a using directive or an assembly reference?) [C:\Users\thiyazin\Documents\GitHub\ItoMcovertor\ItoMcovertor.csproj]
C:\Users\thiyazin\Documents\GitHub\ItoMcovertor\ItoMcovertor.Tests\UnitConverterTests.cs(20,6): error CS0246: The type or namespace name 'InlineDataAttribute' could not be found (are you missing a using directive or an assembly reference?) [C:\Users\thiyazin\Documents\GitHub\ItoMcovertor\ItoMcovertor.csproj]
C:\Users\thiyazin\Documents\GitHub\ItoMcovertor\ItoMcovertor.Tests\UnitConverterTests.cs(20,6): error CS0246: The type or namespace name 'InlineData' could not be found (are you missing a using directive or an assembly reference?) [C:\Users\thiyazin\Documents\GitHub\ItoMcovertor\ItoMcovertor.csproj]
C:\Users\thiyazin\Documents\GitHub\ItoMcovertor\ItoMcovertor.Tests\UnitConverterTests.cs(21,6): error CS0246: The type or namespace name 'InlineDataAttribute' could not be found (are you missing a using directive or an assembly reference?) [C:\Users\thiyazin\Documents\GitHub\ItoMcovertor\ItoMcovertor.csproj]
C:\Users\thiyazin\Documents\GitHub\ItoMcovertor\ItoMcovertor.Tests\UnitConverterTests.cs(21,6): error CS0246: The type or namespace name 'InlineData' could not be found (are you missing a using directive or an assembly reference?) [C:\Users\thiyazin\Documents\GitHub\ItoMcovertor\ItoMcovertor.csproj]
C:\Users\thiyazin\Documents\GitHub\ItoMcovertor\ItoMcovertor.Tests\ValidationTests.cs(38,6): error CS0246: The type or namespace name 'FactAttribute' could not be found (are you missing a using directive or an assembly reference?) [C:\Users\thiyazin\Documents\GitHub\ItoMcovertor\ItoMcovertor.csproj]
C:\Users\thiyazin\Documents\GitHub\ItoMcovertor\ItoMcovertor.Tests\ValidationTests.cs(38,6): error CS0246: The type or namespace name 'Fact' could not be found (are you missing a using directive or an assembly reference?) [C:\Users\thiyazin\Documents\GitHub\ItoMcovertor\ItoMcovertor.csproj]
C:\Users\thiyazin\Documents\GitHub\ItoMcovertor\ItoMcovertor.Tests\ValidationTests.cs(46,6): error CS0246: The type or namespace name 'FactAttribute' could not be found (are you missing a using directive or an assembly reference?) [C:\Users\thiyazin\Documents\GitHub\ItoMcovertor\ItoMcovertor.csproj]
C:\Users\thiyazin\Documents\GitHub\ItoMcovertor\ItoMcovertor.Tests\ValidationTests.cs(46,6): error CS0246: The type or namespace name 'Fact' could not be found (are you missing a using directive or an assembly reference?) [C:\Users\thiyazin\Documents\GitHub\ItoMcovertor\ItoMcovertor.csproj]
C:\Users\thiyazin\Documents\GitHub\ItoMcovertor\ItoMcovertor.Tests\ValidationTests.cs(54,6): error CS0246: The type or namespace name 'FactAttribute' could not be found (are you missing a using directive or an assembly reference?) [C:\Users\thiyazin\Documents\GitHub\ItoMcovertor\ItoMcovertor.csproj]
C:\Users\thiyazin\Documents\GitHub\ItoMcovertor\ItoMcovertor.Tests\ValidationTests.cs(54,6): error CS0246: The type or namespace name 'Fact' could not be found (are you missing a using directive or an assembly reference?) [C:\Users\thiyazin\Documents\GitHub\ItoMcovertor\ItoMcovertor.csproj]
C:\Users\thiyazin\Documents\GitHub\ItoMcovertor\ItoMcovertor.Tests\UnitConverterTests.cs(28,6): error CS0246: The type or namespace name 'TheoryAttribute' could not be found (are you missing a using directive or an assembly reference?) [C:\Users\thiyazin\Documents\GitHub\ItoMcovertor\ItoMcovertor.csproj]
C:\Users\thiyazin\Documents\GitHub\ItoMcovertor\ItoMcovertor.Tests\UnitConverterTests.cs(28,6): error CS0246: The type or namespace name 'Theory' could not be found (are you missing a using directive or an assembly reference?) [C:\Users\thiyazin\Documents\GitHub\ItoMcovertor\ItoMcovertor.csproj]
C:\Users\thiyazin\Documents\GitHub\ItoMcovertor\ItoMcovertor.Tests\UnitConverterTests.cs(29,6): error CS0246: The type or namespace name 'InlineDataAttribute' could not be found (are you missing a using directive or an assembly reference?) [C:\Users\thiyazin\Documents\GitHub\ItoMcovertor\ItoMcovertor.csproj]
C:\Users\thiyazin\Documents\GitHub\ItoMcovertor\ItoMcovertor.Tests\UnitConverterTests.cs(29,6): error CS0246: The type or namespace name 'InlineData' could not be found (are you missing a using directive or an assembly reference?) [C:\Users\thiyazin\Documents\GitHub\ItoMcovertor\ItoMcovertor.csproj]
C:\Users\thiyazin\Documents\GitHub\ItoMcovertor\ItoMcovertor.Tests\UnitConverterTests.cs(30,6): error CS0246: The type or namespace name 'InlineDataAttribute' could not be found (are you missing a using directive or an assembly reference?) [C:\Users\thiyazin\Documents\GitHub\ItoMcovertor\ItoMcovertor.csproj]
C:\Users\thiyazin\Documents\GitHub\ItoMcovertor\ItoMcovertor.Tests\UnitConverterTests.cs(30,6): error CS0246: The type or namespace name 'InlineData' could not be found (are you missing a using directive or an assembly reference?) [C:\Users\thiyazin\Documents\GitHub\ItoMcovertor\ItoMcovertor.csproj]
C:\Users\thiyazin\Documents\GitHub\ItoMcovertor\ItoMcovertor.Tests\ValidationTests.cs(67,6): error CS0246: The type or namespace name 'TheoryAttribute' could not be found (are you missing a using directive or an assembly reference?) [C:\Users\thiyazin\Documents\GitHub\ItoMcovertor\ItoMcovertor.csproj]
C:\Users\thiyazin\Documents\GitHub\ItoMcovertor\ItoMcovertor.Tests\ValidationTests.cs(67,6): error CS0246: The type or namespace name 'Theory' could not be found (are you missing a using directive or an assembly reference?) [C:\Users\thiyazin\Documents\GitHub\ItoMcovertor\ItoMcovertor.csproj]
C:\Users\thiyazin\Documents\GitHub\ItoMcovertor\ItoMcovertor.Tests\ValidationTests.cs(68,6): error CS0246: The type or namespace name 'InlineDataAttribute' could not be found (are you missing a using directive or an assembly reference?) [C:\Users\thiyazin\Documents\GitHub\ItoMcovertor\ItoMcovertor.csproj]
C:\Users\thiyazin\Documents\GitHub\ItoMcovertor\ItoMcovertor.Tests\ValidationTests.cs(68,6): error CS0246: The type or namespace name 'InlineData' could not be found (are you missing a using directive or an assembly reference?) [C:\Users\thiyazin\Documents\GitHub\ItoMcovertor\ItoMcovertor.csproj]
C:\Users\thiyazin\Documents\GitHub\ItoMcovertor\ItoMcovertor.Tests\ValidationTests.cs(69,6): error CS0246: The type or namespace name 'InlineDataAttribute' could not be found (are you missing a using directive or an assembly reference?) [C:\Users\thiyazin\Documents\GitHub\ItoMcovertor\ItoMcovertor.csproj]
C:\Users\thiyazin\Documents\GitHub\ItoMcovertor\ItoMcovertor.Tests\ValidationTests.cs(69,6): error CS0246: The type or namespace name 'InlineData' could not be found (are you missing a using directive or an assembly reference?) [C:\Users\thiyazin\Documents\GitHub\ItoMcovertor\ItoMcovertor.csproj]
C:\Users\thiyazin\Documents\GitHub\ItoMcovertor\ItoMcovertor.Tests\ValidationTests.cs(70,6): error CS0246: The type or namespace name 'InlineDataAttribute' could not be found (are you missing a using directive or an assembly reference?) [C:\Users\thiyazin\Documents\GitHub\ItoMcovertor\ItoMcovertor.csproj]
C:\Users\thiyazin\Documents\GitHub\ItoMcovertor\ItoMcovertor.Tests\ValidationTests.cs(70,6): error CS0246: The type or namespace name 'InlineData' could not be found (are you missing a using directive or an assembly reference?) [C:\Users\thiyazin\Documents\GitHub\ItoMcovertor\ItoMcovertor.csproj]
C:\Users\thiyazin\Documents\GitHub\ItoMcovertor\ItoMcovertor.Tests\UnitConverterTests.cs(37,6): error CS0246: The type or namespace name 'TheoryAttribute' could not be found (are you missing a using directive or an assembly reference?) [C:\Users\thiyazin\Documents\GitHub\ItoMcovertor\ItoMcovertor.csproj]
C:\Users\thiyazin\Documents\GitHub\ItoMcovertor\ItoMcovertor.Tests\UnitConverterTests.cs(37,6): error CS0246: The type or namespace name 'Theory' could not be found (are you missing a using directive or an assembly reference?) [C:\Users\thiyazin\Documents\GitHub\ItoMcovertor\ItoMcovertor.csproj]
C:\Users\thiyazin\Documents\GitHub\ItoMcovertor\ItoMcovertor.Tests\UnitConverterTests.cs(38,6): error CS0246: The type or namespace name 'InlineDataAttribute' could not be found (are you missing a using directive or an assembly reference?) [C:\Users\thiyazin\Documents\GitHub\ItoMcovertor\ItoMcovertor.csproj]
C:\Users\thiyazin\Documents\GitHub\ItoMcovertor\ItoMcovertor.Tests\UnitConverterTests.cs(38,6): error CS0246: The type or namespace name 'InlineData' could not be found (are you missing a using directive or an assembly reference?) [C:\Users\thiyazin\Documents\GitHub\ItoMcovertor\ItoMcovertor.csproj]
C:\Users\thiyazin\Documents\GitHub\ItoMcovertor\ItoMcovertor.Tests\UnitConverterTests.cs(39,6): error CS0246: The type or namespace name 'InlineDataAttribute' could not be found (are you missing a using directive or an assembly reference?) [C:\Users\thiyazin\Documents\GitHub\ItoMcovertor\ItoMcovertor.csproj]
C:\Users\thiyazin\Documents\GitHub\ItoMcovertor\ItoMcovertor.Tests\UnitConverterTests.cs(39,6): error CS0246: The type or namespace name 'InlineData' could not be found (are you missing a using directive or an assembly reference?) [C:\Users\thiyazin\Documents\GitHub\ItoMcovertor\ItoMcovertor.csproj]
C:\Users\thiyazin\Documents\GitHub\ItoMcovertor\ItoMcovertor.Tests\UnitConverterTests.cs(46,6): error CS0246: The type or namespace name 'TheoryAttribute' could not be found (are you missing a using directive or an assembly reference?) [C:\Users\thiyazin\Documents\GitHub\ItoMcovertor\ItoMcovertor.csproj]
C:\Users\thiyazin\Documents\GitHub\ItoMcovertor\ItoMcovertor.Tests\UnitConverterTests.cs(46,6): error CS0246: The type or namespace name 'Theory' could not be found (are you missing a using directive or an assembly reference?) [C:\Users\thiyazin\Documents\GitHub\ItoMcovertor\ItoMcovertor.csproj]
C:\Users\thiyazin\Documents\GitHub\ItoMcovertor\ItoMcovertor.Tests\UnitConverterTests.cs(47,6): error CS0246: The type or namespace name 'InlineDataAttribute' could not be found (are you missing a using directive or an assembly reference?) [C:\Users\thiyazin\Documents\GitHub\ItoMcovertor\ItoMcovertor.csproj]
C:\Users\thiyazin\Documents\GitHub\ItoMcovertor\ItoMcovertor.Tests\UnitConverterTests.cs(47,6): error CS0246: The type or namespace name 'InlineData' could not be found (are you missing a using directive or an assembly reference?) [C:\Users\thiyazin\Documents\GitHub\ItoMcovertor\ItoMcovertor.csproj]
C:\Users\thiyazin\Documents\GitHub\ItoMcovertor\ItoMcovertor.Tests\UnitConverterTests.cs(48,6): error CS0246: The type or namespace name 'InlineDataAttribute' could not be found (are you missing a using directive or an assembly reference?) [C:\Users\thiyazin\Documents\GitHub\ItoMcovertor\ItoMcovertor.csproj]
C:\Users\thiyazin\Documents\GitHub\ItoMcovertor\ItoMcovertor.Tests\UnitConverterTests.cs(48,6): error CS0246: The type or namespace name 'InlineData' could not be found (are you missing a using directive or an assembly reference?) [C:\Users\thiyazin\Documents\GitHub\ItoMcovertor\ItoMcovertor.csproj]
C:\Users\thiyazin\Documents\GitHub\ItoMcovertor\ItoMcovertor.Tests\ValidationTests.cs(78,6): error CS0246: The type or namespace name 'TheoryAttribute' could not be found (are you missing a using directive or an assembly reference?) [C:\Users\thiyazin\Documents\GitHub\ItoMcovertor\ItoMcovertor.csproj]
C:\Users\thiyazin\Documents\GitHub\ItoMcovertor\ItoMcovertor.Tests\ValidationTests.cs(78,6): error CS0246: The type or namespace name 'Theory' could not be found (are you missing a using directive or an assembly reference?) [C:\Users\thiyazin\Documents\GitHub\ItoMcovertor\ItoMcovertor.csproj]
C:\Users\thiyazin\Documents\GitHub\ItoMcovertor\ItoMcovertor.Tests\ValidationTests.cs(79,6): error CS0246: The type or namespace name 'InlineDataAttribute' could not be found (are you missing a using directive or an assembly reference?) [C:\Users\thiyazin\Documents\GitHub\ItoMcovertor\ItoMcovertor.csproj]
C:\Users\thiyazin\Documents\GitHub\ItoMcovertor\ItoMcovertor.Tests\ValidationTests.cs(79,6): error CS0246: The type or namespace name 'InlineData' could not be found (are you missing a using directive or an assembly reference?) [C:\Users\thiyazin\Documents\GitHub\ItoMcovertor\ItoMcovertor.csproj]
C:\Users\thiyazin\Documents\GitHub\ItoMcovertor\ItoMcovertor.Tests\ValidationTests.cs(80,6): error CS0246: The type or namespace name 'InlineDataAttribute' could not be found (are you missing a using directive or an assembly reference?) [C:\Users\thiyazin\Documents\GitHub\ItoMcovertor\ItoMcovertor.csproj]
C:\Users\thiyazin\Documents\GitHub\ItoMcovertor\ItoMcovertor.Tests\ValidationTests.cs(80,6): error CS0246: The type or namespace name 'InlineData' could not be found (are you missing a using directive or an assembly reference?) [C:\Users\thiyazin\Documents\GitHub\ItoMcovertor\ItoMcovertor.csproj]
C:\Users\thiyazin\Documents\GitHub\ItoMcovertor\ItoMcovertor.Tests\UnitConverterTests.cs(55,6): error CS0246: The type or namespace name 'TheoryAttribute' could not be found (are you missing a using directive or an assembly reference?) [C:\Users\thiyazin\Documents\GitHub\ItoMcovertor\ItoMcovertor.csproj]
C:\Users\thiyazin\Documents\GitHub\ItoMcovertor\ItoMcovertor.Tests\UnitConverterTests.cs(55,6): error CS0246: The type or namespace name 'Theory' could not be found (are you missing a using directive or an assembly reference?) [C:\Users\thiyazin\Documents\GitHub\ItoMcovertor\ItoMcovertor.csproj]
C:\Users\thiyazin\Documents\GitHub\ItoMcovertor\ItoMcovertor.Tests\UnitConverterTests.cs(56,6): error CS0246: The type or namespace name 'InlineDataAttribute' could not be found (are you missing a using directive or an assembly reference?) [C:\Users\thiyazin\Documents\GitHub\ItoMcovertor\ItoMcovertor.csproj]
C:\Users\thiyazin\Documents\GitHub\ItoMcovertor\ItoMcovertor.Tests\UnitConverterTests.cs(56,6): error CS0246: The type or namespace name 'InlineData' could not be found (are you missing a using directive or an assembly reference?) [C:\Users\thiyazin\Documents\GitHub\ItoMcovertor\ItoMcovertor.csproj]
C:\Users\thiyazin\Documents\GitHub\ItoMcovertor\ItoMcovertor.Tests\UnitConverterTests.cs(57,6): error CS0246: The type or namespace name 'InlineDataAttribute' could not be found (are you missing a using directive or an assembly reference?) [C:\Users\thiyazin\Documents\GitHub\ItoMcovertor\ItoMcovertor.csproj]
C:\Users\thiyazin\Documents\GitHub\ItoMcovertor\ItoMcovertor.Tests\UnitConverterTests.cs(57,6): error CS0246: The type or namespace name 'InlineData' could not be found (are you missing a using directive or an assembly reference?) [C:\Users\thiyazin\Documents\GitHub\ItoMcovertor\ItoMcovertor.csproj]
C:\Users\thiyazin\Documents\GitHub\ItoMcovertor\ItoMcovertor.Tests\UnitConverterTests.cs(68,6): error CS0246: The type or namespace name 'TheoryAttribute' could not be found (are you missing a using directive or an assembly reference?) [C:\Users\thiyazin\Documents\GitHub\ItoMcovertor\ItoMcovertor.csproj]
C:\Users\thiyazin\Documents\GitHub\ItoMcovertor\ItoMcovertor.Tests\UnitConverterTests.cs(68,6): error CS0246: The type or namespace name 'Theory' could not be found (are you missing a using directive or an assembly reference?) [C:\Users\thiyazin\Documents\GitHub\ItoMcovertor\ItoMcovertor.csproj]
C:\Users\thiyazin\Documents\GitHub\ItoMcovertor\ItoMcovertor.Tests\UnitConverterTests.cs(69,6): error CS0246: The type or namespace name 'InlineDataAttribute' could not be found (are you missing a using directive or an assembly reference?) [C:\Users\thiyazin\Documents\GitHub\ItoMcovertor\ItoMcovertor.csproj]
C:\Users\thiyazin\Documents\GitHub\ItoMcovertor\ItoMcovertor.Tests\UnitConverterTests.cs(69,6): error CS0246: The type or namespace name 'InlineData' could not be found (are you missing a using directive or an assembly reference?) [C:\Users\thiyazin\Documents\GitHub\ItoMcovertor\ItoMcovertor.csproj]
C:\Users\thiyazin\Documents\GitHub\ItoMcovertor\ItoMcovertor.Tests\UnitConverterTests.cs(70,6): error CS0246: The type or namespace name 'InlineDataAttribute' could not be found (are you missing a using directive or an assembly reference?) [C:\Users\thiyazin\Documents\GitHub\ItoMcovertor\ItoMcovertor.csproj]
C:\Users\thiyazin\Documents\GitHub\ItoMcovertor\ItoMcovertor.Tests\UnitConverterTests.cs(70,6): error CS0246: The type or namespace name 'InlineData' could not be found (are you missing a using directive or an assembly reference?) [C:\Users\thiyazin\Documents\GitHub\ItoMcovertor\ItoMcovertor.csproj]
C:\Users\thiyazin\Documents\GitHub\ItoMcovertor\ItoMcovertor.Tests\ValidationTests.cs(93,6): error CS0246: The type or namespace name 'TheoryAttribute' could not be found (are you missing a using directive or an assembly reference?) [C:\Users\thiyazin\Documents\GitHub\ItoMcovertor\ItoMcovertor.csproj]
C:\Users\thiyazin\Documents\GitHub\ItoMcovertor\ItoMcovertor.Tests\ValidationTests.cs(93,6): error CS0246: The type or namespace name 'Theory' could not be found (are you missing a using directive or an assembly reference?) [C:\Users\thiyazin\Documents\GitHub\ItoMcovertor\ItoMcovertor.csproj]
C:\Users\thiyazin\Documents\GitHub\ItoMcovertor\ItoMcovertor.Tests\ValidationTests.cs(94,6): error CS0246: The type or namespace name 'InlineDataAttribute' could not be found (are you missing a using directive or an assembly reference?) [C:\Users\thiyazin\Documents\GitHub\ItoMcovertor\ItoMcovertor.csproj]
C:\Users\thiyazin\Documents\GitHub\ItoMcovertor\ItoMcovertor.Tests\ValidationTests.cs(94,6): error CS0246: The type or namespace name 'InlineData' could not be found (are you missing a using directive or an assembly reference?) [C:\Users\thiyazin\Documents\GitHub\ItoMcovertor\ItoMcovertor.csproj]
C:\Users\thiyazin\Documents\GitHub\ItoMcovertor\ItoMcovertor.Tests\ValidationTests.cs(95,6): error CS0246: The type or namespace name 'InlineDataAttribute' could not be found (are you missing a using directive or an assembly reference?) [C:\Users\thiyazin\Documents\GitHub\ItoMcovertor\ItoMcovertor.csproj]
C:\Users\thiyazin\Documents\GitHub\ItoMcovertor\ItoMcovertor.Tests\ValidationTests.cs(95,6): error CS0246: The type or namespace name 'InlineData' could not be found (are you missing a using directive or an assembly reference?) [C:\Users\thiyazin\Documents\GitHub\ItoMcovertor\ItoMcovertor.csproj]
C:\Users\thiyazin\Documents\GitHub\ItoMcovertor\ItoMcovertor.Tests\ValidationTests.cs(96,6): error CS0246: The type or namespace name 'InlineDataAttribute' could not be found (are you missing a using directive or an assembly reference?) [C:\Users\thiyazin\Documents\GitHub\ItoMcovertor\ItoMcovertor.csproj]
C:\Users\thiyazin\Documents\GitHub\ItoMcovertor\ItoMcovertor.Tests\ValidationTests.cs(96,6): error CS0246: The type or namespace name 'InlineData' could not be found (are you missing a using directive or an assembly reference?) [C:\Users\thiyazin\Documents\GitHub\ItoMcovertor\ItoMcovertor.csproj]
C:\Users\thiyazin\Documents\GitHub\ItoMcovertor\ItoMcovertor.Tests\ValidationTests.cs(97,6): error CS0246: The type or namespace name 'InlineDataAttribute' could not be found (are you missing a using directive or an assembly reference?) [C:\Users\thiyazin\Documents\GitHub\ItoMcovertor\ItoMcovertor.csproj]
C:\Users\thiyazin\Documents\GitHub\ItoMcovertor\ItoMcovertor.Tests\ValidationTests.cs(97,6): error CS0246: The type or namespace name 'InlineData' could not be found (are you missing a using directive or an assembly reference?) [C:\Users\thiyazin\Documents\GitHub\ItoMcovertor\ItoMcovertor.csproj]
C:\Users\thiyazin\Documents\GitHub\ItoMcovertor\ItoMcovertor.Tests\UnitConverterTests.cs(77,6): error CS0246: The type or namespace name 'TheoryAttribute' could not be found (are you missing a using directive or an assembly reference?) [C:\Users\thiyazin\Documents\GitHub\ItoMcovertor\ItoMcovertor.csproj]
C:\Users\thiyazin\Documents\GitHub\ItoMcovertor\ItoMcovertor.Tests\UnitConverterTests.cs(77,6): error CS0246: The type or namespace name 'Theory' could not be found (are you missing a using directive or an assembly reference?) [C:\Users\thiyazin\Documents\GitHub\ItoMcovertor\ItoMcovertor.csproj]
C:\Users\thiyazin\Documents\GitHub\ItoMcovertor\ItoMcovertor.Tests\UnitConverterTests.cs(78,6): error CS0246: The type or namespace name 'InlineDataAttribute' could not be found (are you missing a using directive or an assembly reference?) [C:\Users\thiyazin\Documents\GitHub\ItoMcovertor\ItoMcovertor.csproj]
C:\Users\thiyazin\Documents\GitHub\ItoMcovertor\ItoMcovertor.Tests\UnitConverterTests.cs(78,6): error CS0246: The type or namespace name 'InlineData' could not be found (are you missing a using directive or an assembly reference?) [C:\Users\thiyazin\Documents\GitHub\ItoMcovertor\ItoMcovertor.csproj]
C:\Users\thiyazin\Documents\GitHub\ItoMcovertor\ItoMcovertor.Tests\UnitConverterTests.cs(79,6): error CS0246: The type or namespace name 'InlineDataAttribute' could not be found (are you missing a using directive or an assembly reference?) [C:\Users\thiyazin\Documents\GitHub\ItoMcovertor\ItoMcovertor.csproj]
C:\Users\thiyazin\Documents\GitHub\ItoMcovertor\ItoMcovertor.Tests\UnitConverterTests.cs(79,6): error CS0246: The type or namespace name 'InlineData' could not be found (are you missing a using directive or an assembly reference?) [C:\Users\thiyazin\Documents\GitHub\ItoMcovertor\ItoMcovertor.csproj]
C:\Users\thiyazin\Documents\GitHub\ItoMcovertor\ItoMcovertor.Tests\ValidationTests.cs(104,6): error CS0246: The type or namespace name 'TheoryAttribute' could not be found (are you missing a using directive or an assembly reference?) [C:\Users\thiyazin\Documents\GitHub\ItoMcovertor\ItoMcovertor.csproj]
C:\Users\thiyazin\Documents\GitHub\ItoMcovertor\ItoMcovertor.Tests\ValidationTests.cs(104,6): error CS0246: The type or namespace name 'Theory' could not be found (are you missing a using directive or an assembly reference?) [C:\Users\thiyazin\Documents\GitHub\ItoMcovertor\ItoMcovertor.csproj]
C:\Users\thiyazin\Documents\GitHub\ItoMcovertor\ItoMcovertor.Tests\ValidationTests.cs(105,6): error CS0246: The type or namespace name 'InlineDataAttribute' could not be found (are you missing a using directive or an assembly reference?) [C:\Users\thiyazin\Documents\GitHub\ItoMcovertor\ItoMcovertor.csproj]
C:\Users\thiyazin\Documents\GitHub\ItoMcovertor\ItoMcovertor.Tests\ValidationTests.cs(105,6): error CS0246: The type or namespace name 'InlineData' could not be found (are you missing a using directive or an assembly reference?) [C:\Users\thiyazin\Documents\GitHub\ItoMcovertor\ItoMcovertor.csproj]
C:\Users\thiyazin\Documents\GitHub\ItoMcovertor\ItoMcovertor.Tests\ValidationTests.cs(106,6): error CS0246: The type or namespace name 'InlineDataAttribute' could not be found (are you missing a using directive or an assembly reference?) [C:\Users\thiyazin\Documents\GitHub\ItoMcovertor\ItoMcovertor.csproj]
C:\Users\thiyazin\Documents\GitHub\ItoMcovertor\ItoMcovertor.Tests\ValidationTests.cs(106,6): error CS0246: The type or namespace name 'InlineData' could not be found (are you missing a using directive or an assembly reference?) [C:\Users\thiyazin\Documents\GitHub\ItoMcovertor\ItoMcovertor.csproj]
C:\Users\thiyazin\Documents\GitHub\ItoMcovertor\ItoMcovertor.Tests\ValidationTests.cs(107,6): error CS0246: The type or namespace name 'InlineDataAttribute' could not be found (are you missing a using directive or an assembly reference?) [C:\Users\thiyazin\Documents\GitHub\ItoMcovertor\ItoMcovertor.csproj]
C:\Users\thiyazin\Documents\GitHub\ItoMcovertor\ItoMcovertor.Tests\ValidationTests.cs(107,6): error CS0246: The type or namespace name 'InlineData' could not be found (are you missing a using directive or an assembly reference?) [C:\Users\thiyazin\Documents\GitHub\ItoMcovertor\ItoMcovertor.csproj]
C:\Users\thiyazin\Documents\GitHub\ItoMcovertor\ItoMcovertor.Tests\UnitConverterTests.cs(86,6): error CS0246: The type or namespace name 'TheoryAttribute' could not be found (are you missing a using directive or an assembly reference?) [C:\Users\thiyazin\Documents\GitHub\ItoMcovertor\ItoMcovertor.csproj]
C:\Users\thiyazin\Documents\GitHub\ItoMcovertor\ItoMcovertor.Tests\UnitConverterTests.cs(86,6): error CS0246: The type or namespace name 'Theory' could not be found (are you missing a using directive or an assembly reference?) [C:\Users\thiyazin\Documents\GitHub\ItoMcovertor\ItoMcovertor.csproj]
C:\Users\thiyazin\Documents\GitHub\ItoMcovertor\ItoMcovertor.Tests\UnitConverterTests.cs(87,6): error CS0246: The type or namespace name 'InlineDataAttribute' could not be found (are you missing a using directive or an assembly reference?) [C:\Users\thiyazin\Documents\GitHub\ItoMcovertor\ItoMcovertor.csproj]
C:\Users\thiyazin\Documents\GitHub\ItoMcovertor\ItoMcovertor.Tests\UnitConverterTests.cs(87,6): error CS0246: The type or namespace name 'InlineData' could not be found (are you missing a using directive or an assembly reference?) [C:\Users\thiyazin\Documents\GitHub\ItoMcovertor\ItoMcovertor.csproj]
C:\Users\thiyazin\Documents\GitHub\ItoMcovertor\ItoMcovertor.Tests\UnitConverterTests.cs(88,6): error CS0246: The type or namespace name 'InlineDataAttribute' could not be found (are you missing a using directive or an assembly reference?) [C:\Users\thiyazin\Documents\GitHub\ItoMcovertor\ItoMcovertor.csproj]
C:\Users\thiyazin\Documents\GitHub\ItoMcovertor\ItoMcovertor.Tests\UnitConverterTests.cs(88,6): error CS0246: The type or namespace name 'InlineData' could not be found (are you missing a using directive or an assembly reference?) [C:\Users\thiyazin\Documents\GitHub\ItoMcovertor\ItoMcovertor.csproj]
C:\Users\thiyazin\Documents\GitHub\ItoMcovertor\ItoMcovertor.Tests\UnitConverterTests.cs(99,6): error CS0246: The type or namespace name 'TheoryAttribute' could not be found (are you missing a using directive or an assembly reference?) [C:\Users\thiyazin\Documents\GitHub\ItoMcovertor\ItoMcovertor.csproj]
C:\Users\thiyazin\Documents\GitHub\ItoMcovertor\ItoMcovertor.Tests\UnitConverterTests.cs(99,6): error CS0246: The type or namespace name 'Theory' could not be found (are you missing a using directive or an assembly reference?) [C:\Users\thiyazin\Documents\GitHub\ItoMcovertor\ItoMcovertor.csproj]
C:\Users\thiyazin\Documents\GitHub\ItoMcovertor\ItoMcovertor.Tests\UnitConverterTests.cs(100,6): error CS0246: The type or namespace name 'InlineDataAttribute' could not be found (are you missing a using directive or an assembly reference?) [C:\Users\thiyazin\Documents\GitHub\ItoMcovertor\ItoMcovertor.csproj]
C:\Users\thiyazin\Documents\GitHub\ItoMcovertor\ItoMcovertor.Tests\UnitConverterTests.cs(100,6): error CS0246: The type or namespace name 'InlineData' could not be found (are you missing a using directive or an assembly reference?) [C:\Users\thiyazin\Documents\GitHub\ItoMcovertor\ItoMcovertor.csproj]
C:\Users\thiyazin\Documents\GitHub\ItoMcovertor\ItoMcovertor.Tests\UnitConverterTests.cs(101,6): error CS0246: The type or namespace name 'InlineDataAttribute' could not be found (are you missing a using directive or an assembly reference?) [C:\Users\thiyazin\Documents\GitHub\ItoMcovertor\ItoMcovertor.csproj]
C:\Users\thiyazin\Documents\GitHub\ItoMcovertor\ItoMcovertor.Tests\UnitConverterTests.cs(101,6): error CS0246: The type or namespace name 'InlineData' could not be found (are you missing a using directive or an assembly reference?) [C:\Users\thiyazin\Documents\GitHub\ItoMcovertor\ItoMcovertor.csproj]
C:\Users\thiyazin\Documents\GitHub\ItoMcovertor\ItoMcovertor.Tests\UnitConverterTests.cs(108,6): error CS0246: The type or namespace name 'TheoryAttribute' could not be found (are you missing a using directive or an assembly reference?) [C:\Users\thiyazin\Documents\GitHub\ItoMcovertor\ItoMcovertor.csproj]
C:\Users\thiyazin\Documents\GitHub\ItoMcovertor\ItoMcovertor.Tests\UnitConverterTests.cs(108,6): error CS0246: The type or namespace name 'Theory' could not be found (are you missing a using directive or an assembly reference?) [C:\Users\thiyazin\Documents\GitHub\ItoMcovertor\ItoMcovertor.csproj]
C:\Users\thiyazin\Documents\GitHub\ItoMcovertor\ItoMcovertor.Tests\UnitConverterTests.cs(109,6): error CS0246: The type or namespace name 'InlineDataAttribute' could not be found (are you missing a using directive or an assembly reference?) [C:\Users\thiyazin\Documents\GitHub\ItoMcovertor\ItoMcovertor.csproj]
C:\Users\thiyazin\Documents\GitHub\ItoMcovertor\ItoMcovertor.Tests\UnitConverterTests.cs(109,6): error CS0246: The type or namespace name 'InlineData' could not be found (are you missing a using directive or an assembly reference?) [C:\Users\thiyazin\Documents\GitHub\ItoMcovertor\ItoMcovertor.csproj]
C:\Users\thiyazin\Documents\GitHub\ItoMcovertor\ItoMcovertor.Tests\UnitConverterTests.cs(110,6): error CS0246: The type or namespace name 'InlineDataAttribute' could not be found (are you missing a using directive or an assembly reference?) [C:\Users\thiyazin\Documents\GitHub\ItoMcovertor\ItoMcovertor.csproj]
C:\Users\thiyazin\Documents\GitHub\ItoMcovertor\ItoMcovertor.Tests\UnitConverterTests.cs(110,6): error CS0246: The type or namespace name 'InlineData' could not be found (are you missing a using directive or an assembly reference?) [C:\Users\thiyazin\Documents\GitHub\ItoMcovertor\ItoMcovertor.csproj]
C:\Users\thiyazin\Documents\GitHub\ItoMcovertor\ItoMcovertor.Tests\UnitConverterTests.cs(121,6): error CS0246: The type or namespace name 'TheoryAttribute' could not be found (are you missing a using directive or an assembly reference?) [C:\Users\thiyazin\Documents\GitHub\ItoMcovertor\ItoMcovertor.csproj]
C:\Users\thiyazin\Documents\GitHub\ItoMcovertor\ItoMcovertor.Tests\UnitConverterTests.cs(121,6): error CS0246: The type or namespace name 'Theory' could not be found (are you missing a using directive or an assembly reference?) [C:\Users\thiyazin\Documents\GitHub\ItoMcovertor\ItoMcovertor.csproj]
C:\Users\thiyazin\Documents\GitHub\ItoMcovertor\ItoMcovertor.Tests\UnitConverterTests.cs(122,6): error CS0246: The type or namespace name 'InlineDataAttribute' could not be found (are you missing a using directive or an assembly reference?) [C:\Users\thiyazin\Documents\GitHub\ItoMcovertor\ItoMcovertor.csproj]
C:\Users\thiyazin\Documents\GitHub\ItoMcovertor\ItoMcovertor.Tests\UnitConverterTests.cs(122,6): error CS0246: The type or namespace name 'InlineData' could not be found (are you missing a using directive or an assembly reference?) [C:\Users\thiyazin\Documents\GitHub\ItoMcovertor\ItoMcovertor.csproj]
C:\Users\thiyazin\Documents\GitHub\ItoMcovertor\ItoMcovertor.Tests\UnitConverterTests.cs(123,6): error CS0246: The type or namespace name 'InlineDataAttribute' could not be found (are you missing a using directive or an assembly reference?) [C:\Users\thiyazin\Documents\GitHub\ItoMcovertor\ItoMcovertor.csproj]
C:\Users\thiyazin\Documents\GitHub\ItoMcovertor\ItoMcovertor.Tests\UnitConverterTests.cs(123,6): error CS0246: The type or namespace name 'InlineData' could not be found (are you missing a using directive or an assembly reference?) [C:\Users\thiyazin\Documents\GitHub\ItoMcovertor\ItoMcovertor.csproj]
C:\Users\thiyazin\Documents\GitHub\ItoMcovertor\ItoMcovertor.Tests\UnitConverterTests.cs(130,6): error CS0246: The type or namespace name 'TheoryAttribute' could not be found (are you missing a using directive or an assembly reference?) [C:\Users\thiyazin\Documents\GitHub\ItoMcovertor\ItoMcovertor.csproj]
C:\Users\thiyazin\Documents\GitHub\ItoMcovertor\ItoMcovertor.Tests\UnitConverterTests.cs(130,6): error CS0246: The type or namespace name 'Theory' could not be found (are you missing a using directive or an assembly reference?) [C:\Users\thiyazin\Documents\GitHub\ItoMcovertor\ItoMcovertor.csproj]
C:\Users\thiyazin\Documents\GitHub\ItoMcovertor\ItoMcovertor.Tests\UnitConverterTests.cs(131,6): error CS0246: The type or namespace name 'InlineDataAttribute' could not be found (are you missing a using directive or an assembly reference?) [C:\Users\thiyazin\Documents\GitHub\ItoMcovertor\ItoMcovertor.csproj]
C:\Users\thiyazin\Documents\GitHub\ItoMcovertor\ItoMcovertor.Tests\UnitConverterTests.cs(131,6): error CS0246: The type or namespace name 'InlineData' could not be found (are you missing a using directive or an assembly reference?) [C:\Users\thiyazin\Documents\GitHub\ItoMcovertor\ItoMcovertor.csproj]
C:\Users\thiyazin\Documents\GitHub\ItoMcovertor\ItoMcovertor.Tests\UnitConverterTests.cs(132,6): error CS0246: The type or namespace name 'InlineDataAttribute' could not be found (are you missing a using directive or an assembly reference?) [C:\Users\thiyazin\Documents\GitHub\ItoMcovertor\ItoMcovertor.csproj]
C:\Users\thiyazin\Documents\GitHub\ItoMcovertor\ItoMcovertor.Tests\UnitConverterTests.cs(132,6): error CS0246: The type or namespace name 'InlineData' could not be found (are you missing a using directive or an assembly reference?) [C:\Users\thiyazin\Documents\GitHub\ItoMcovertor\ItoMcovertor.csproj]
C:\Users\thiyazin\Documents\GitHub\ItoMcovertor\ItoMcovertor.Tests\UnitConverterTests.cs(143,6): error CS0246: The type or namespace name 'TheoryAttribute' could not be found (are you missing a using directive or an assembly reference?) [C:\Users\thiyazin\Documents\GitHub\ItoMcovertor\ItoMcovertor.csproj]
C:\Users\thiyazin\Documents\GitHub\ItoMcovertor\ItoMcovertor.Tests\UnitConverterTests.cs(143,6): error CS0246: The type or namespace name 'Theory' could not be found (are you missing a using directive or an assembly reference?) [C:\Users\thiyazin\Documents\GitHub\ItoMcovertor\ItoMcovertor.csproj]
C:\Users\thiyazin\Documents\GitHub\ItoMcovertor\ItoMcovertor.Tests\UnitConverterTests.cs(144,6): error CS0246: The type or namespace name 'InlineDataAttribute' could not be found (are you missing a using directive or an assembly reference?) [C:\Users\thiyazin\Documents\GitHub\ItoMcovertor\ItoMcovertor.csproj]
C:\Users\thiyazin\Documents\GitHub\ItoMcovertor\ItoMcovertor.Tests\UnitConverterTests.cs(144,6): error CS0246: The type or namespace name 'InlineData' could not be found (are you missing a using directive or an assembly reference?) [C:\Users\thiyazin\Documents\GitHub\ItoMcovertor\ItoMcovertor.csproj]
C:\Users\thiyazin\Documents\GitHub\ItoMcovertor\ItoMcovertor.Tests\UnitConverterTests.cs(145,6): error CS0246: The type or namespace name 'InlineDataAttribute' could not be found (are you missing a using directive or an assembly reference?) [C:\Users\thiyazin\Documents\GitHub\ItoMcovertor\ItoMcovertor.csproj]
C:\Users\thiyazin\Documents\GitHub\ItoMcovertor\ItoMcovertor.Tests\UnitConverterTests.cs(145,6): error CS0246: The type or namespace name 'InlineData' could not be found (are you missing a using directive or an assembly reference?) [C:\Users\thiyazin\Documents\GitHub\ItoMcovertor\ItoMcovertor.csproj]
C:\Users\thiyazin\Documents\GitHub\ItoMcovertor\ItoMcovertor.Tests\UnitConverterTests.cs(152,6): error CS0246: The type or namespace name 'TheoryAttribute' could not be found (are you missing a using directive or an assembly reference?) [C:\Users\thiyazin\Documents\GitHub\ItoMcovertor\ItoMcovertor.csproj]
C:\Users\thiyazin\Documents\GitHub\ItoMcovertor\ItoMcovertor.Tests\UnitConverterTests.cs(152,6): error CS0246: The type or namespace name 'Theory' could not be found (are you missing a using directive or an assembly reference?) [C:\Users\thiyazin\Documents\GitHub\ItoMcovertor\ItoMcovertor.csproj]
C:\Users\thiyazin\Documents\GitHub\ItoMcovertor\ItoMcovertor.Tests\UnitConverterTests.cs(153,6): error CS0246: The type or namespace name 'InlineDataAttribute' could not be found (are you missing a using directive or an assembly reference?) [C:\Users\thiyazin\Documents\GitHub\ItoMcovertor\ItoMcovertor.csproj]
C:\Users\thiyazin\Documents\GitHub\ItoMcovertor\ItoMcovertor.Tests\UnitConverterTests.cs(153,6): error CS0246: The type or namespace name 'InlineData' could not be found (are you missing a using directive or an assembly reference?) [C:\Users\thiyazin\Documents\GitHub\ItoMcovertor\ItoMcovertor.csproj]
C:\Users\thiyazin\Documents\GitHub\ItoMcovertor\ItoMcovertor.Tests\UnitConverterTests.cs(154,6): error CS0246: The type or namespace name 'InlineDataAttribute' could not be found (are you missing a using directive or an assembly reference?) [C:\Users\thiyazin\Documents\GitHub\ItoMcovertor\ItoMcovertor.csproj]
C:\Users\thiyazin\Documents\GitHub\ItoMcovertor\ItoMcovertor.Tests\UnitConverterTests.cs(154,6): error CS0246: The type or namespace name 'InlineData' could not be found (are you missing a using directive or an assembly reference?) [C:\Users\thiyazin\Documents\GitHub\ItoMcovertor\ItoMcovertor.csproj]
C:\Users\thiyazin\Documents\GitHub\ItoMcovertor\ItoMcovertor.Tests\UnitConverterTests.cs(165,6): error CS0246: The type or namespace name 'TheoryAttribute' could not be found (are you missing a using directive or an assembly reference?) [C:\Users\thiyazin\Documents\GitHub\ItoMcovertor\ItoMcovertor.csproj]
C:\Users\thiyazin\Documents\GitHub\ItoMcovertor\ItoMcovertor.Tests\UnitConverterTests.cs(165,6): error CS0246: The type or namespace name 'Theory' could not be found (are you missing a using directive or an assembly reference?) [C:\Users\thiyazin\Documents\GitHub\ItoMcovertor\ItoMcovertor.csproj]
C:\Users\thiyazin\Documents\GitHub\ItoMcovertor\ItoMcovertor.Tests\UnitConverterTests.cs(166,6): error CS0246: The type or namespace name 'InlineDataAttribute' could not be found (are you missing a using directive or an assembly reference?) [C:\Users\thiyazin\Documents\GitHub\ItoMcovertor\ItoMcovertor.csproj]
C:\Users\thiyazin\Documents\GitHub\ItoMcovertor\ItoMcovertor.Tests\UnitConverterTests.cs(166,6): error CS0246: The type or namespace name 'InlineData' could not be found (are you missing a using directive or an assembly reference?) [C:\Users\thiyazin\Documents\GitHub\ItoMcovertor\ItoMcovertor.csproj]
C:\Users\thiyazin\Documents\GitHub\ItoMcovertor\ItoMcovertor.Tests\UnitConverterTests.cs(167,6): error CS0246: The type or namespace name 'InlineDataAttribute' could not be found (are you missing a using directive or an assembly reference?) [C:\Users\thiyazin\Documents\GitHub\ItoMcovertor\ItoMcovertor.csproj]
C:\Users\thiyazin\Documents\GitHub\ItoMcovertor\ItoMcovertor.Tests\UnitConverterTests.cs(167,6): error CS0246: The type or namespace name 'InlineData' could not be found (are you missing a using directive or an assembly reference?) [C:\Users\thiyazin\Documents\GitHub\ItoMcovertor\ItoMcovertor.csproj]
C:\Users\thiyazin\Documents\GitHub\ItoMcovertor\ItoMcovertor.Tests\UnitConverterTests.cs(174,6): error CS0246: The type or namespace name 'TheoryAttribute' could not be found (are you missing a using directive or an assembly reference?) [C:\Users\thiyazin\Documents\GitHub\ItoMcovertor\ItoMcovertor.csproj]
C:\Users\thiyazin\Documents\GitHub\ItoMcovertor\ItoMcovertor.Tests\UnitConverterTests.cs(174,6): error CS0246: The type or namespace name 'Theory' could not be found (are you missing a using directive or an assembly reference?) [C:\Users\thiyazin\Documents\GitHub\ItoMcovertor\ItoMcovertor.csproj]
C:\Users\thiyazin\Documents\GitHub\ItoMcovertor\ItoMcovertor.Tests\UnitConverterTests.cs(175,6): error CS0246: The type or namespace name 'InlineDataAttribute' could not be found (are you missing a using directive or an assembly reference?) [C:\Users\thiyazin\Documents\GitHub\ItoMcovertor\ItoMcovertor.csproj]
C:\Users\thiyazin\Documents\GitHub\ItoMcovertor\ItoMcovertor.Tests\UnitConverterTests.cs(175,6): error CS0246: The type or namespace name 'InlineData' could not be found (are you missing a using directive or an assembly reference?) [C:\Users\thiyazin\Documents\GitHub\ItoMcovertor\ItoMcovertor.csproj]
C:\Users\thiyazin\Documents\GitHub\ItoMcovertor\ItoMcovertor.Tests\UnitConverterTests.cs(176,6): error CS0246: The type or namespace name 'InlineDataAttribute' could not be found (are you missing a using directive or an assembly reference?) [C:\Users\thiyazin\Documents\GitHub\ItoMcovertor\ItoMcovertor.csproj]
C:\Users\thiyazin\Documents\GitHub\ItoMcovertor\ItoMcovertor.Tests\UnitConverterTests.cs(176,6): error CS0246: The type or namespace name 'InlineData' could not be found (are you missing a using directive or an assembly reference?) [C:\Users\thiyazin\Documents\GitHub\ItoMcovertor\ItoMcovertor.csproj]
C:\Users\thiyazin\Documents\GitHub\ItoMcovertor\ItoMcovertor.Tests\UnitConverterTests.cs(187,6): error CS0246: The type or namespace name 'TheoryAttribute' could not be found (are you missing a using directive or an assembly reference?) [C:\Users\thiyazin\Documents\GitHub\ItoMcovertor\ItoMcovertor.csproj]
C:\Users\thiyazin\Documents\GitHub\ItoMcovertor\ItoMcovertor.Tests\UnitConverterTests.cs(187,6): error CS0246: The type or namespace name 'Theory' could not be found (are you missing a using directive or an assembly reference?) [C:\Users\thiyazin\Documents\GitHub\ItoMcovertor\ItoMcovertor.csproj]
C:\Users\thiyazin\Documents\GitHub\ItoMcovertor\ItoMcovertor.Tests\UnitConverterTests.cs(188,6): error CS0246: The type or namespace name 'InlineDataAttribute' could not be found (are you missing a using directive or an assembly reference?) [C:\Users\thiyazin\Documents\GitHub\ItoMcovertor\ItoMcovertor.csproj]
C:\Users\thiyazin\Documents\GitHub\ItoMcovertor\ItoMcovertor.Tests\UnitConverterTests.cs(188,6): error CS0246: The type or namespace name 'InlineData' could not be found (are you missing a using directive or an assembly reference?) [C:\Users\thiyazin\Documents\GitHub\ItoMcovertor\ItoMcovertor.csproj]
C:\Users\thiyazin\Documents\GitHub\ItoMcovertor\ItoMcovertor.Tests\UnitConverterTests.cs(189,6): error CS0246: The type or namespace name 'InlineDataAttribute' could not be found (are you missing a using directive or an assembly reference?) [C:\Users\thiyazin\Documents\GitHub\ItoMcovertor\ItoMcovertor.csproj]
C:\Users\thiyazin\Documents\GitHub\ItoMcovertor\ItoMcovertor.Tests\UnitConverterTests.cs(189,6): error CS0246: The type or namespace name 'InlineData' could not be found (are you missing a using directive or an assembly reference?) [C:\Users\thiyazin\Documents\GitHub\ItoMcovertor\ItoMcovertor.csproj]
C:\Users\thiyazin\Documents\GitHub\ItoMcovertor\ItoMcovertor.Tests\UnitConverterTests.cs(190,6): error CS0246: The type or namespace name 'InlineDataAttribute' could not be found (are you missing a using directive or an assembly reference?) [C:\Users\thiyazin\Documents\GitHub\ItoMcovertor\ItoMcovertor.csproj]
C:\Users\thiyazin\Documents\GitHub\ItoMcovertor\ItoMcovertor.Tests\UnitConverterTests.cs(190,6): error CS0246: The type or namespace name 'InlineData' could not be found (are you missing a using directive or an assembly reference?) [C:\Users\thiyazin\Documents\GitHub\ItoMcovertor\ItoMcovertor.csproj]
C:\Users\thiyazin\Documents\GitHub\ItoMcovertor\ItoMcovertor.Tests\UnitConverterTests.cs(197,6): error CS0246: The type or namespace name 'TheoryAttribute' could not be found (are you missing a using directive or an assembly reference?) [C:\Users\thiyazin\Documents\GitHub\ItoMcovertor\ItoMcovertor.csproj]
C:\Users\thiyazin\Documents\GitHub\ItoMcovertor\ItoMcovertor.Tests\UnitConverterTests.cs(197,6): error CS0246: The type or namespace name 'Theory' could not be found (are you missing a using directive or an assembly reference?) [C:\Users\thiyazin\Documents\GitHub\ItoMcovertor\ItoMcovertor.csproj]
C:\Users\thiyazin\Documents\GitHub\ItoMcovertor\ItoMcovertor.Tests\UnitConverterTests.cs(198,6): error CS0246: The type or namespace name 'InlineDataAttribute' could not be found (are you missing a using directive or an assembly reference?) [C:\Users\thiyazin\Documents\GitHub\ItoMcovertor\ItoMcovertor.csproj]
C:\Users\thiyazin\Documents\GitHub\ItoMcovertor\ItoMcovertor.Tests\UnitConverterTests.cs(198,6): error CS0246: The type or namespace name 'InlineData' could not be found (are you missing a using directive or an assembly reference?) [C:\Users\thiyazin\Documents\GitHub\ItoMcovertor\ItoMcovertor.csproj]
C:\Users\thiyazin\Documents\GitHub\ItoMcovertor\ItoMcovertor.Tests\UnitConverterTests.cs(199,6): error CS0246: The type or namespace name 'InlineDataAttribute' could not be found (are you missing a using directive or an assembly reference?) [C:\Users\thiyazin\Documents\GitHub\ItoMcovertor\ItoMcovertor.csproj]
C:\Users\thiyazin\Documents\GitHub\ItoMcovertor\ItoMcovertor.Tests\UnitConverterTests.cs(199,6): error CS0246: The type or namespace name 'InlineData' could not be found (are you missing a using directive or an assembly reference?) [C:\Users\thiyazin\Documents\GitHub\ItoMcovertor\ItoMcovertor.csproj]
C:\Users\thiyazin\Documents\GitHub\ItoMcovertor\ItoMcovertor.Tests\UnitConverterTests.cs(200,6): error CS0246: The type or namespace name 'InlineDataAttribute' could not be found (are you missing a using directive or an assembly reference?) [C:\Users\thiyazin\Documents\GitHub\ItoMcovertor\ItoMcovertor.csproj]
C:\Users\thiyazin\Documents\GitHub\ItoMcovertor\ItoMcovertor.Tests\UnitConverterTests.cs(200,6): error CS0246: The type or namespace name 'InlineData' could not be found (are you missing a using directive or an assembly reference?) [C:\Users\thiyazin\Documents\GitHub\ItoMcovertor\ItoMcovertor.csproj]
    0 Warning(s)
    166 Error(s)

Time Elapsed 00:00:03.14
